**********************
Windows PowerShell transcript start
Start time: 20260924210357
Username: DESKTOP-O4FDRR3\ASUS
RunAs User: DESKTOP-O4FDRR3\ASUS
Configuration Name: 
Machine: DESKTOP-O4FDRR3 (Microsoft Windows NT 10.0.19045.0)
Host Application: C:\Windows\System32\WindowsPowerShell\v1.0\powershell.exe
Process ID: 24664
PSVersion: 5.1.19041.7725
PSEdition: Desktop
PSCompatibleVersions: 1.0, 2.0, 3.0, 4.0, 5.0, 5.1.19041.7725
BuildVersion: 10.0.19041.7725
CLRVersion: 4.0.30319.42000
WSManStackVersion: 3.0
PSRemotingProtocolVersion: 2.3
SerializationVersion: 1.1.0.1
**********************
Transcript started, output file is test-log.txt
Page loaded, taking screenshot...
Screenshot saved.
Clicked join button
=== READY: say something now, wait 3s, then stay silent ===
[EVENT_AUDIO_ON] participantId=spaces/bgcUx4X5YpkB/devices/79 trackId=324e73c5-3cb3-4ba8-8d19-eb33d0
4409e4
[EVENT_AUDIO_ON] participantId=spaces/bgcUx4X5YpkB/devices/80 trackId=324e73c5-3cb3-4ba8-8d19-eb33d0
4409e4
[WS_STREAM_OPEN] participantId=spaces/bgcUx4X5YpkB/devices/80::seg1 -> C:\Bot_Streaming_Poc\Meeting-
Bot-Streaming-POC\src\recordings\spaces_bgcUx4X5YpkB_devices_80__seg1.webm hasAudio=false
[WS_STREAM_OPEN] participantId=spaces/bgcUx4X5YpkB/devices/79::seg1 -> C:\Bot_Streaming_Poc\Meeting-
Bot-Streaming-POC\src\recordings\spaces_bgcUx4X5YpkB_devices_79__seg1.webm hasAudio=false
BROWSER LOG: [STRENGTH_PASSED] name="Gautam gupta" pid=spaces/bgcUx4X5YpkB/devices/80 gap=9ms level=
0.2325
BROWSER LOG: [DUAL_CONFIRM_PASSED] name="Gautam gupta" pid=spaces/bgcUx4X5YpkB/devices/80 1st=(gap=9
ms level=0.2325) 2nd=(gap=110ms level=0.2325) totalMs=101
BROWSER LOG: [AVBOND_LOCKED] name="Gautam gupta" pid=spaces/bgcUx4X5YpkB/devices/80 trackId=ec540b76
-6a4f-40ea-9a32-9382ec9f0c45
[WS_STREAM_OPEN] participantId=spaces/bgcUx4X5YpkB/devices/80::seg2 -> C:\Bot_Streaming_Poc\Meeting-
Bot-Streaming-POC\src\recordings\spaces_bgcUx4X5YpkB_devices_80__seg2.webm hasAudio=true
BROWSER LOG: [AVBOND_REJECTED] name="Ravi Sharma" pid=spaces/bgcUx4X5YpkB/devices/79 trackId=ec540b7
6-6a4f-40ea-9a32-9382ec9f0c45 ownedBy="Gautam gupta"
BROWSER LOG: [AVBOND_REJECTED] name="Ravi Sharma" pid=spaces/bgcUx4X5YpkB/devices/79 trackId=ec540b7
6-6a4f-40ea-9a32-9382ec9f0c45 ownedBy="Gautam gupta"
[WS_CLOSED] participantId=spaces/bgcUx4X5YpkB/devices/80::seg1
BROWSER LOG: [AVBOND_REJECTED] name="Ravi Sharma" pid=spaces/bgcUx4X5YpkB/devices/79 trackId=ec540b7
6-6a4f-40ea-9a32-9382ec9f0c45 ownedBy="Gautam gupta"
BROWSER LOG: [AVBOND_REJECTED] name="Ravi Sharma" pid=spaces/bgcUx4X5YpkB/devices/79 trackId=ec540b7
6-6a4f-40ea-9a32-9382ec9f0c45 ownedBy="Gautam gupta"
BROWSER LOG: [AVBOND_REJECTED] name="Ravi Sharma" pid=spaces/bgcUx4X5YpkB/devices/79 trackId=ec540b7
6-6a4f-40ea-9a32-9382ec9f0c45 ownedBy="Gautam gupta"
BROWSER LOG: [AVBOND_REJECTED] name="Ravi Sharma" pid=spaces/bgcUx4X5YpkB/devices/79 trackId=ec540b7
6-6a4f-40ea-9a32-9382ec9f0c45 ownedBy="Gautam gupta"
BROWSER LOG: [AVBOND_REJECTED] name="Ravi Sharma" pid=spaces/bgcUx4X5YpkB/devices/79 trackId=ec540b7
6-6a4f-40ea-9a32-9382ec9f0c45 ownedBy="Gautam gupta"
BROWSER LOG: [AVBOND_REJECTED] name="Ravi Sharma" pid=spaces/bgcUx4X5YpkB/devices/79 trackId=ec540b7
6-6a4f-40ea-9a32-9382ec9f0c45 ownedBy="Gautam gupta"
BROWSER LOG: [AVBOND_REJECTED] name="Ravi Sharma" pid=spaces/bgcUx4X5YpkB/devices/79 trackId=ec540b7
6-6a4f-40ea-9a32-9382ec9f0c45 ownedBy="Gautam gupta"
BROWSER LOG: [AVBOND_REJECTED] name="Ravi Sharma" pid=spaces/bgcUx4X5YpkB/devices/79 trackId=ec540b7
6-6a4f-40ea-9a32-9382ec9f0c45 ownedBy="Gautam gupta"
BROWSER LOG: [AVBOND_REJECTED] name="Ravi Sharma" pid=spaces/bgcUx4X5YpkB/devices/79 trackId=ec540b7
6-6a4f-40ea-9a32-9382ec9f0c45 ownedBy="Gautam gupta"
BROWSER LOG: [AVBOND_REJECTED] name="Ravi Sharma" pid=spaces/bgcUx4X5YpkB/devices/79 trackId=ec540b7
6-6a4f-40ea-9a32-9382ec9f0c45 ownedBy="Gautam gupta"
BROWSER LOG: [AVBOND_REJECTED] name="Ravi Sharma" pid=spaces/bgcUx4X5YpkB/devices/79 trackId=ec540b7
6-6a4f-40ea-9a32-9382ec9f0c45 ownedBy="Gautam gupta"
BROWSER LOG: [AVBOND_REJECTED] name="Ravi Sharma" pid=spaces/bgcUx4X5YpkB/devices/79 trackId=ec540b7
6-6a4f-40ea-9a32-9382ec9f0c45 ownedBy="Gautam gupta"
BROWSER LOG: [AVBOND_REJECTED] name="Ravi Sharma" pid=spaces/bgcUx4X5YpkB/devices/79 trackId=ec540b7
6-6a4f-40ea-9a32-9382ec9f0c45 ownedBy="Gautam gupta"
BROWSER LOG: [AVBOND_REJECTED] name="Ravi Sharma" pid=spaces/bgcUx4X5YpkB/devices/79 trackId=ec540b7
6-6a4f-40ea-9a32-9382ec9f0c45 ownedBy="Gautam gupta"
BROWSER LOG: [AVBOND_REJECTED] name="Ravi Sharma" pid=spaces/bgcUx4X5YpkB/devices/79 trackId=ec540b7
6-6a4f-40ea-9a32-9382ec9f0c45 ownedBy="Gautam gupta"
BROWSER LOG: [AVBOND_REJECTED] name="Ravi Sharma" pid=spaces/bgcUx4X5YpkB/devices/79 trackId=ec540b7
6-6a4f-40ea-9a32-9382ec9f0c45 ownedBy="Gautam gupta"
BROWSER LOG: [AVBOND_REJECTED] name="Ravi Sharma" pid=spaces/bgcUx4X5YpkB/devices/79 trackId=ec540b7
6-6a4f-40ea-9a32-9382ec9f0c45 ownedBy="Gautam gupta"
BROWSER LOG: [AVBOND_REJECTED] name="Ravi Sharma" pid=spaces/bgcUx4X5YpkB/devices/79 trackId=ec540b7
6-6a4f-40ea-9a32-9382ec9f0c45 ownedBy="Gautam gupta"
BROWSER LOG: [AVBOND_REJECTED] name="Ravi Sharma" pid=spaces/bgcUx4X5YpkB/devices/79 trackId=ec540b7
6-6a4f-40ea-9a32-9382ec9f0c45 ownedBy="Gautam gupta"
BROWSER LOG: [AVBOND_REJECTED] name="Ravi Sharma" pid=spaces/bgcUx4X5YpkB/devices/79 trackId=ec540b7
6-6a4f-40ea-9a32-9382ec9f0c45 ownedBy="Gautam gupta"
BROWSER LOG: [GATE_BLOCKED] case=2 name="Ravi Sharma" pid=spaces/bgcUx4X5YpkB/devices/79 gap=7ms lev
el=0.2792 otherClaimants="Gautam gupta"
BROWSER LOG: [AVBOND_REJECTED] name="Ravi Sharma" pid=spaces/bgcUx4X5YpkB/devices/79 trackId=ec540b7
6-6a4f-40ea-9a32-9382ec9f0c45 ownedBy="Gautam gupta"
BROWSER LOG: [AVBOND_REJECTED] name="Ravi Sharma" pid=spaces/bgcUx4X5YpkB/devices/79 trackId=ec540b7
6-6a4f-40ea-9a32-9382ec9f0c45 ownedBy="Gautam gupta"
BROWSER LOG: [AVBOND_REJECTED] name="Ravi Sharma" pid=spaces/bgcUx4X5YpkB/devices/79 trackId=ec540b7
6-6a4f-40ea-9a32-9382ec9f0c45 ownedBy="Gautam gupta"
BROWSER LOG: [AVBOND_REJECTED] name="Ravi Sharma" pid=spaces/bgcUx4X5YpkB/devices/79 trackId=ec540b7
6-6a4f-40ea-9a32-9382ec9f0c45 ownedBy="Gautam gupta"
BROWSER LOG: [AVBOND_REJECTED] name="Ravi Sharma" pid=spaces/bgcUx4X5YpkB/devices/79 trackId=ec540b7
6-6a4f-40ea-9a32-9382ec9f0c45 ownedBy="Gautam gupta"
BROWSER LOG: [AVBOND_REJECTED] name="Ravi Sharma" pid=spaces/bgcUx4X5YpkB/devices/79 trackId=ec540b7
6-6a4f-40ea-9a32-9382ec9f0c45 ownedBy="Gautam gupta"
BROWSER LOG: [AVBOND_REJECTED] name="Ravi Sharma" pid=spaces/bgcUx4X5YpkB/devices/79 trackId=ec540b7
6-6a4f-40ea-9a32-9382ec9f0c45 ownedBy="Gautam gupta"
BROWSER LOG: [AVBOND_REJECTED] name="Ravi Sharma" pid=spaces/bgcUx4X5YpkB/devices/79 trackId=ec540b7
6-6a4f-40ea-9a32-9382ec9f0c45 ownedBy="Gautam gupta"
BROWSER LOG: [AVBOND_REJECTED] name="Ravi Sharma" pid=spaces/bgcUx4X5YpkB/devices/79 trackId=ec540b7
6-6a4f-40ea-9a32-9382ec9f0c45 ownedBy="Gautam gupta"
BROWSER LOG: [AVBOND_REJECTED] name="Ravi Sharma" pid=spaces/bgcUx4X5YpkB/devices/79 trackId=ec540b7
6-6a4f-40ea-9a32-9382ec9f0c45 ownedBy="Gautam gupta"
BROWSER LOG: [STRENGTH_PASSED] name="Ravi Sharma" pid=spaces/bgcUx4X5YpkB/devices/79 gap=86ms level=
0.2504
BROWSER LOG: [DUAL_CONFIRM_FAILED] name="Ravi Sharma" pid=spaces/bgcUx4X5YpkB/devices/79 otherClaima
ntsDuringWait="Gautam gupta" gate2Claimants="Gautam gupta"
BROWSER LOG: [STRENGTH_PASSED] name="Ravi Sharma" pid=spaces/bgcUx4X5YpkB/devices/79 gap=1ms level=0
.1292
BROWSER LOG: [DUAL_CONFIRM_FAILED] name="Ravi Sharma" pid=spaces/bgcUx4X5YpkB/devices/79 otherClaima
ntsDuringWait="Gautam gupta" gate2Claimants="Gautam gupta"
BROWSER LOG: [AVBOND_REJECTED] name="Ravi Sharma" pid=spaces/bgcUx4X5YpkB/devices/79 trackId=ec540b7
6-6a4f-40ea-9a32-9382ec9f0c45 ownedBy="Gautam gupta"
BROWSER LOG: [AVBOND_REJECTED] name="Ravi Sharma" pid=spaces/bgcUx4X5YpkB/devices/79 trackId=ec540b7
6-6a4f-40ea-9a32-9382ec9f0c45 ownedBy="Gautam gupta"
BROWSER LOG: [AVBOND_REJECTED] name="Ravi Sharma" pid=spaces/bgcUx4X5YpkB/devices/79 trackId=ec540b7
6-6a4f-40ea-9a32-9382ec9f0c45 ownedBy="Gautam gupta"
BROWSER LOG: [AVBOND_REJECTED] name="Ravi Sharma" pid=spaces/bgcUx4X5YpkB/devices/79 trackId=ec540b7
6-6a4f-40ea-9a32-9382ec9f0c45 ownedBy="Gautam gupta"
BROWSER LOG: [AVBOND_REJECTED] name="Ravi Sharma" pid=spaces/bgcUx4X5YpkB/devices/79 trackId=ec540b7
6-6a4f-40ea-9a32-9382ec9f0c45 ownedBy="Gautam gupta"
BROWSER LOG: [AVBOND_REJECTED] name="Ravi Sharma" pid=spaces/bgcUx4X5YpkB/devices/79 trackId=ec540b7
6-6a4f-40ea-9a32-9382ec9f0c45 ownedBy="Gautam gupta"
BROWSER LOG: [AVBOND_REJECTED] name="Ravi Sharma" pid=spaces/bgcUx4X5YpkB/devices/79 trackId=ec540b7
6-6a4f-40ea-9a32-9382ec9f0c45 ownedBy="Gautam gupta"
BROWSER LOG: [AVBOND_REJECTED] name="Ravi Sharma" pid=spaces/bgcUx4X5YpkB/devices/79 trackId=ec540b7
6-6a4f-40ea-9a32-9382ec9f0c45 ownedBy="Gautam gupta"
BROWSER LOG: [AVBOND_REJECTED] name="Ravi Sharma" pid=spaces/bgcUx4X5YpkB/devices/79 trackId=ec540b7
6-6a4f-40ea-9a32-9382ec9f0c45 ownedBy="Gautam gupta"
BROWSER LOG: [AVBOND_REJECTED] name="Ravi Sharma" pid=spaces/bgcUx4X5YpkB/devices/79 trackId=ec540b7
6-6a4f-40ea-9a32-9382ec9f0c45 ownedBy="Gautam gupta"
BROWSER LOG: [AVBOND_REJECTED] name="Ravi Sharma" pid=spaces/bgcUx4X5YpkB/devices/79 trackId=ec540b7
6-6a4f-40ea-9a32-9382ec9f0c45 ownedBy="Gautam gupta"
BROWSER LOG: [AVBOND_REJECTED] name="Ravi Sharma" pid=spaces/bgcUx4X5YpkB/devices/79 trackId=ec540b7
6-6a4f-40ea-9a32-9382ec9f0c45 ownedBy="Gautam gupta"
BROWSER LOG: [AVBOND_REJECTED] name="Ravi Sharma" pid=spaces/bgcUx4X5YpkB/devices/79 trackId=ec540b7
6-6a4f-40ea-9a32-9382ec9f0c45 ownedBy="Gautam gupta"
BROWSER LOG: [AVBOND_REJECTED] name="Ravi Sharma" pid=spaces/bgcUx4X5YpkB/devices/79 trackId=ec540b7
6-6a4f-40ea-9a32-9382ec9f0c45 ownedBy="Gautam gupta"
BROWSER LOG: [AVBOND_REJECTED] name="Ravi Sharma" pid=spaces/bgcUx4X5YpkB/devices/79 trackId=ec540b7
6-6a4f-40ea-9a32-9382ec9f0c45 ownedBy="Gautam gupta"
BROWSER LOG: [AVBOND_REJECTED] name="Ravi Sharma" pid=spaces/bgcUx4X5YpkB/devices/79 trackId=ec540b7
6-6a4f-40ea-9a32-9382ec9f0c45 ownedBy="Gautam gupta"
[EVENT_AUDIO_OFF] participantId=spaces/bgcUx4X5YpkB/devices/80 trackId=324e73c5-3cb3-4ba8-8d19-eb33d
04409e4
[EVENT_AUDIO_ON] participantId=spaces/bgcUx4X5YpkB/devices/80 trackId=324e73c5-3cb3-4ba8-8d19-eb33d0
4409e4
BROWSER LOG: [GATE_BLOCKED] case=2 name="Ravi Sharma" pid=spaces/bgcUx4X5YpkB/devices/79 gap=37ms le
vel=0.1243 otherClaimants="Gautam gupta"
BROWSER LOG: [GATE_BLOCKED] case=2 name="Ravi Sharma" pid=spaces/bgcUx4X5YpkB/devices/79 gap=51ms le
vel=0.1243 otherClaimants="Gautam gupta"
BROWSER LOG: [GATE_BLOCKED] case=2 name="Ravi Sharma" pid=spaces/bgcUx4X5YpkB/devices/79 gap=137ms l
evel=0.1243 otherClaimants="Gautam gupta,Gautam gupta"
BROWSER LOG: [STRENGTH_FAILED] name="Ravi Sharma" pid=spaces/bgcUx4X5YpkB/devices/79 gap=21ms level=
0.0930
BROWSER LOG: [AVBOND_REJECTED] name="Ravi Sharma" pid=spaces/bgcUx4X5YpkB/devices/79 trackId=ec540b7
6-6a4f-40ea-9a32-9382ec9f0c45 ownedBy="Gautam gupta"
BROWSER LOG: [AVBOND_REJECTED] name="Ravi Sharma" pid=spaces/bgcUx4X5YpkB/devices/79 trackId=ec540b7
6-6a4f-40ea-9a32-9382ec9f0c45 ownedBy="Gautam gupta"
BROWSER LOG: [AVBOND_REJECTED] name="Ravi Sharma" pid=spaces/bgcUx4X5YpkB/devices/79 trackId=ec540b7
6-6a4f-40ea-9a32-9382ec9f0c45 ownedBy="Gautam gupta"
BROWSER LOG: [AVBOND_REJECTED] name="Ravi Sharma" pid=spaces/bgcUx4X5YpkB/devices/79 trackId=ec540b7
6-6a4f-40ea-9a32-9382ec9f0c45 ownedBy="Gautam gupta"
BROWSER LOG: [AVBOND_REJECTED] name="Ravi Sharma" pid=spaces/bgcUx4X5YpkB/devices/79 trackId=ec540b7
6-6a4f-40ea-9a32-9382ec9f0c45 ownedBy="Gautam gupta"
BROWSER LOG: [GATE_BLOCKED] case=2 name="Ravi Sharma" pid=spaces/bgcUx4X5YpkB/devices/79 gap=147ms l
evel=0.1052 otherClaimants="Gautam gupta,Gautam gupta"
BROWSER LOG: [AVBOND_REJECTED] name="Ravi Sharma" pid=spaces/bgcUx4X5YpkB/devices/79 trackId=ec540b7
6-6a4f-40ea-9a32-9382ec9f0c45 ownedBy="Gautam gupta"
BROWSER LOG: [GATE_BLOCKED] case=2 name="Ravi Sharma" pid=spaces/bgcUx4X5YpkB/devices/79 gap=11ms le
vel=0.3859 otherClaimants="Gautam gupta"
BROWSER LOG: [AVBOND_REJECTED] name="Ravi Sharma" pid=spaces/bgcUx4X5YpkB/devices/79 trackId=ec540b7
6-6a4f-40ea-9a32-9382ec9f0c45 ownedBy="Gautam gupta"
BROWSER LOG: [GATE_BLOCKED] case=2 name="Ravi Sharma" pid=spaces/bgcUx4X5YpkB/devices/79 gap=41ms le
vel=0.1047 otherClaimants="Gautam gupta"
BROWSER LOG: [GATE_BLOCKED] case=2 name="Ravi Sharma" pid=spaces/bgcUx4X5YpkB/devices/79 gap=140ms l
evel=0.1047 otherClaimants="Gautam gupta"
BROWSER LOG: [GATE_BLOCKED] case=2 name="Ravi Sharma" pid=spaces/bgcUx4X5YpkB/devices/79 gap=19ms le
vel=0.3486 otherClaimants="Gautam gupta,Gautam gupta,Gautam gupta"
BROWSER LOG: [GATE_BLOCKED] case=2 name="Ravi Sharma" pid=spaces/bgcUx4X5YpkB/devices/79 gap=111ms l
evel=0.0910 otherClaimants="Gautam gupta"
BROWSER LOG: [AVBOND_REJECTED] name="Ravi Sharma" pid=spaces/bgcUx4X5YpkB/devices/79 trackId=ec540b7
6-6a4f-40ea-9a32-9382ec9f0c45 ownedBy="Gautam gupta"
BROWSER LOG: [GATE_BLOCKED] case=2 name="Ravi Sharma" pid=spaces/bgcUx4X5YpkB/devices/79 gap=59ms le
vel=0.1045 otherClaimants="Gautam gupta,Gautam gupta"
BROWSER LOG: [GATE_BLOCKED] case=2 name="Ravi Sharma" pid=spaces/bgcUx4X5YpkB/devices/79 gap=20ms le
vel=0.1194 otherClaimants="Gautam gupta,Gautam gupta"
BROWSER LOG: [AVBOND_REJECTED] name="Ravi Sharma" pid=spaces/bgcUx4X5YpkB/devices/79 trackId=ec540b7
6-6a4f-40ea-9a32-9382ec9f0c45 ownedBy="Gautam gupta"
BROWSER LOG: [AVBOND_REJECTED] name="Ravi Sharma" pid=spaces/bgcUx4X5YpkB/devices/79 trackId=ec540b7
6-6a4f-40ea-9a32-9382ec9f0c45 ownedBy="Gautam gupta"
BROWSER LOG: [GATE_BLOCKED] case=2 name="Ravi Sharma" pid=spaces/bgcUx4X5YpkB/devices/79 gap=30ms le
vel=0.5192 otherClaimants="Gautam gupta"
BROWSER LOG: [GATE_BLOCKED] case=2 name="Ravi Sharma" pid=spaces/bgcUx4X5YpkB/devices/79 gap=80ms le
vel=0.2945 otherClaimants="Gautam gupta,Gautam gupta"
BROWSER LOG: [GATE_BLOCKED] case=1 name="Ravi Sharma" pid=spaces/bgcUx4X5YpkB/devices/79 gap=20ms le
vel=0.1316 otherTracksSpiking=1
BROWSER LOG: [GATE_BLOCKED] case=1 name="Ravi Sharma" pid=spaces/bgcUx4X5YpkB/devices/79 gap=89ms le
vel=0.0996 otherTracksSpiking=1
BROWSER LOG: [AVBOND_REJECTED] name="Ravi Sharma" pid=spaces/bgcUx4X5YpkB/devices/79 trackId=ec540b7
6-6a4f-40ea-9a32-9382ec9f0c45 ownedBy="Gautam gupta"
BROWSER LOG: [AVBOND_REJECTED] name="Ravi Sharma" pid=spaces/bgcUx4X5YpkB/devices/79 trackId=ec540b7
6-6a4f-40ea-9a32-9382ec9f0c45 ownedBy="Gautam gupta"
BROWSER LOG: [AVBOND_REJECTED] name="Ravi Sharma" pid=spaces/bgcUx4X5YpkB/devices/79 trackId=ec540b7
6-6a4f-40ea-9a32-9382ec9f0c45 ownedBy="Gautam gupta"
BROWSER LOG: [AVBOND_REJECTED] name="Ravi Sharma" pid=spaces/bgcUx4X5YpkB/devices/79 trackId=ec540b7
6-6a4f-40ea-9a32-9382ec9f0c45 ownedBy="Gautam gupta"
BROWSER LOG: [AVBOND_REJECTED] name="Ravi Sharma" pid=spaces/bgcUx4X5YpkB/devices/79 trackId=ec540b7
6-6a4f-40ea-9a32-9382ec9f0c45 ownedBy="Gautam gupta"
BROWSER LOG: [AVBOND_REJECTED] name="Ravi Sharma" pid=spaces/bgcUx4X5YpkB/devices/79 trackId=ec540b7
6-6a4f-40ea-9a32-9382ec9f0c45 ownedBy="Gautam gupta"
BROWSER LOG: [AVBOND_REJECTED] name="Ravi Sharma" pid=spaces/bgcUx4X5YpkB/devices/79 trackId=ec540b7
6-6a4f-40ea-9a32-9382ec9f0c45 ownedBy="Gautam gupta"
BROWSER LOG: [AVBOND_REJECTED] name="Ravi Sharma" pid=spaces/bgcUx4X5YpkB/devices/79 trackId=ec540b7
6-6a4f-40ea-9a32-9382ec9f0c45 ownedBy="Gautam gupta"
BROWSER LOG: [AVBOND_REJECTED] name="Ravi Sharma" pid=spaces/bgcUx4X5YpkB/devices/79 trackId=ec540b7
6-6a4f-40ea-9a32-9382ec9f0c45 ownedBy="Gautam gupta"
[EVENT_AUDIO_OFF] participantId=spaces/bgcUx4X5YpkB/devices/80 trackId=324e73c5-3cb3-4ba8-8d19-eb33d
04409e4
BROWSER LOG: [AVBOND_REJECTED] name="Ravi Sharma" pid=spaces/bgcUx4X5YpkB/devices/79 trackId=ec540b7
6-6a4f-40ea-9a32-9382ec9f0c45 ownedBy="Gautam gupta"
BROWSER LOG: [AVBOND_REJECTED] name="Ravi Sharma" pid=spaces/bgcUx4X5YpkB/devices/79 trackId=ec540b7
6-6a4f-40ea-9a32-9382ec9f0c45 ownedBy="Gautam gupta"
BROWSER LOG: [AVBOND_REJECTED] name="Ravi Sharma" pid=spaces/bgcUx4X5YpkB/devices/79 trackId=ec540b7
6-6a4f-40ea-9a32-9382ec9f0c45 ownedBy="Gautam gupta"
BROWSER LOG: [AVBOND_REJECTED] name="Ravi Sharma" pid=spaces/bgcUx4X5YpkB/devices/79 trackId=ec540b7
6-6a4f-40ea-9a32-9382ec9f0c45 ownedBy="Gautam gupta"
BROWSER LOG: [AVBOND_REJECTED] name="Ravi Sharma" pid=spaces/bgcUx4X5YpkB/devices/79 trackId=ec540b7
6-6a4f-40ea-9a32-9382ec9f0c45 ownedBy="Gautam gupta"
BROWSER LOG: [AVBOND_REJECTED] name="Ravi Sharma" pid=spaces/bgcUx4X5YpkB/devices/79 trackId=ec540b7
6-6a4f-40ea-9a32-9382ec9f0c45 ownedBy="Gautam gupta"
BROWSER LOG: [AVBOND_REJECTED] name="Ravi Sharma" pid=spaces/bgcUx4X5YpkB/devices/79 trackId=ec540b7
6-6a4f-40ea-9a32-9382ec9f0c45 ownedBy="Gautam gupta"
BROWSER LOG: [AVBOND_REJECTED] name="Ravi Sharma" pid=spaces/bgcUx4X5YpkB/devices/79 trackId=ec540b7
6-6a4f-40ea-9a32-9382ec9f0c45 ownedBy="Gautam gupta"
BROWSER LOG: [AVBOND_REJECTED] name="Ravi Sharma" pid=spaces/bgcUx4X5YpkB/devices/79 trackId=ec540b7
6-6a4f-40ea-9a32-9382ec9f0c45 ownedBy="Gautam gupta"
BROWSER LOG: [AVBOND_REJECTED] name="Ravi Sharma" pid=spaces/bgcUx4X5YpkB/devices/79 trackId=ec540b7
6-6a4f-40ea-9a32-9382ec9f0c45 ownedBy="Gautam gupta"
BROWSER LOG: [AVBOND_REJECTED] name="Ravi Sharma" pid=spaces/bgcUx4X5YpkB/devices/79 trackId=ec540b7
6-6a4f-40ea-9a32-9382ec9f0c45 ownedBy="Gautam gupta"
BROWSER LOG: [AVBOND_REJECTED] name="Ravi Sharma" pid=spaces/bgcUx4X5YpkB/devices/79 trackId=ec540b7
6-6a4f-40ea-9a32-9382ec9f0c45 ownedBy="Gautam gupta"
BROWSER LOG: [AVBOND_REJECTED] name="Ravi Sharma" pid=spaces/bgcUx4X5YpkB/devices/79 trackId=ec540b7
6-6a4f-40ea-9a32-9382ec9f0c45 ownedBy="Gautam gupta"
BROWSER LOG: [AVBOND_REJECTED] name="Ravi Sharma" pid=spaces/bgcUx4X5YpkB/devices/79 trackId=ec540b7
6-6a4f-40ea-9a32-9382ec9f0c45 ownedBy="Gautam gupta"
BROWSER LOG: [AVBOND_REJECTED] name="Ravi Sharma" pid=spaces/bgcUx4X5YpkB/devices/79 trackId=ec540b7
6-6a4f-40ea-9a32-9382ec9f0c45 ownedBy="Gautam gupta"
BROWSER LOG: [AVBOND_REJECTED] name="Ravi Sharma" pid=spaces/bgcUx4X5YpkB/devices/79 trackId=ec540b7
6-6a4f-40ea-9a32-9382ec9f0c45 ownedBy="Gautam gupta"
BROWSER LOG: [AVBOND_REJECTED] name="Ravi Sharma" pid=spaces/bgcUx4X5YpkB/devices/79 trackId=ec540b7
6-6a4f-40ea-9a32-9382ec9f0c45 ownedBy="Gautam gupta"
BROWSER LOG: [AVBOND_REJECTED] name="Ravi Sharma" pid=spaces/bgcUx4X5YpkB/devices/79 trackId=ec540b7
6-6a4f-40ea-9a32-9382ec9f0c45 ownedBy="Gautam gupta"
BROWSER LOG: [AVBOND_REJECTED] name="Ravi Sharma" pid=spaces/bgcUx4X5YpkB/devices/79 trackId=ec540b7
6-6a4f-40ea-9a32-9382ec9f0c45 ownedBy="Gautam gupta"
BROWSER LOG: [AVBOND_REJECTED] name="Ravi Sharma" pid=spaces/bgcUx4X5YpkB/devices/79 trackId=ec540b7
6-6a4f-40ea-9a32-9382ec9f0c45 ownedBy="Gautam gupta"
BROWSER LOG: [AVBOND_REJECTED] name="Ravi Sharma" pid=spaces/bgcUx4X5YpkB/devices/79 trackId=ec540b7
6-6a4f-40ea-9a32-9382ec9f0c45 ownedBy="Gautam gupta"
BROWSER LOG: [AVBOND_REJECTED] name="Ravi Sharma" pid=spaces/bgcUx4X5YpkB/devices/79 trackId=ec540b7
6-6a4f-40ea-9a32-9382ec9f0c45 ownedBy="Gautam gupta"
BROWSER LOG: [AVBOND_REJECTED] name="Ravi Sharma" pid=spaces/bgcUx4X5YpkB/devices/79 trackId=ec540b7
6-6a4f-40ea-9a32-9382ec9f0c45 ownedBy="Gautam gupta"
BROWSER LOG: [AVBOND_REJECTED] name="Ravi Sharma" pid=spaces/bgcUx4X5YpkB/devices/79 trackId=ec540b7
6-6a4f-40ea-9a32-9382ec9f0c45 ownedBy="Gautam gupta"
BROWSER LOG: [AVBOND_REJECTED] name="Ravi Sharma" pid=spaces/bgcUx4X5YpkB/devices/79 trackId=ec540b7
6-6a4f-40ea-9a32-9382ec9f0c45 ownedBy="Gautam gupta"
[EVENT_AUDIO_ON] participantId=spaces/bgcUx4X5YpkB/devices/80 trackId=324e73c5-3cb3-4ba8-8d19-eb33d0
4409e4
BROWSER LOG: [AVBOND_REJECTED] name="Ravi Sharma" pid=spaces/bgcUx4X5YpkB/devices/79 trackId=ec540b7
6-6a4f-40ea-9a32-9382ec9f0c45 ownedBy="Gautam gupta"
BROWSER LOG: [GATE_BLOCKED] case=1 name="Ravi Sharma" pid=spaces/bgcUx4X5YpkB/devices/79 gap=16ms le
vel=0.1556 otherTracksSpiking=1
BROWSER LOG: [GATE_BLOCKED] case=1 name="Ravi Sharma" pid=spaces/bgcUx4X5YpkB/devices/79 gap=7ms lev
el=0.1050 otherTracksSpiking=1
BROWSER LOG: [GATE_BLOCKED] case=1 name="Ravi Sharma" pid=spaces/bgcUx4X5YpkB/devices/79 gap=26ms le
vel=0.1143 otherTracksSpiking=1
BROWSER LOG: [GATE_BLOCKED] case=1 name="Ravi Sharma" pid=spaces/bgcUx4X5YpkB/devices/79 gap=47ms le
vel=0.1466 otherTracksSpiking=1
BROWSER LOG: [GATE_BLOCKED] case=2 name="Ravi Sharma" pid=spaces/bgcUx4X5YpkB/devices/79 gap=16ms le
vel=0.3078 otherClaimants="Gautam gupta,Gautam gupta"
BROWSER LOG: [AVBOND_REJECTED] name="Ravi Sharma" pid=spaces/bgcUx4X5YpkB/devices/79 trackId=ec540b7
6-6a4f-40ea-9a32-9382ec9f0c45 ownedBy="Gautam gupta"
BROWSER LOG: [AVBOND_REJECTED] name="Ravi Sharma" pid=spaces/bgcUx4X5YpkB/devices/79 trackId=ec540b7
6-6a4f-40ea-9a32-9382ec9f0c45 ownedBy="Gautam gupta"
BROWSER LOG: [AVBOND_REJECTED] name="Ravi Sharma" pid=spaces/bgcUx4X5YpkB/devices/79 trackId=ec540b7
6-6a4f-40ea-9a32-9382ec9f0c45 ownedBy="Gautam gupta"
BROWSER LOG: [AVBOND_REJECTED] name="Ravi Sharma" pid=spaces/bgcUx4X5YpkB/devices/79 trackId=ec540b7
6-6a4f-40ea-9a32-9382ec9f0c45 ownedBy="Gautam gupta"
BROWSER LOG: [AVBOND_REJECTED] name="Ravi Sharma" pid=spaces/bgcUx4X5YpkB/devices/79 trackId=ec540b7
6-6a4f-40ea-9a32-9382ec9f0c45 ownedBy="Gautam gupta"
BROWSER LOG: [AVBOND_REJECTED] name="Ravi Sharma" pid=spaces/bgcUx4X5YpkB/devices/79 trackId=ec540b7
6-6a4f-40ea-9a32-9382ec9f0c45 ownedBy="Gautam gupta"
BROWSER LOG: [AVBOND_REJECTED] name="Ravi Sharma" pid=spaces/bgcUx4X5YpkB/devices/79 trackId=ec540b7
6-6a4f-40ea-9a32-9382ec9f0c45 ownedBy="Gautam gupta"
BROWSER LOG: [GATE_BLOCKED] case=1 name="Ravi Sharma" pid=spaces/bgcUx4X5YpkB/devices/79 gap=25ms le
vel=0.1149 otherTracksSpiking=1
BROWSER LOG: [GATE_BLOCKED] case=1 name="Ravi Sharma" pid=spaces/bgcUx4X5YpkB/devices/79 gap=96ms le
vel=0.0992 otherTracksSpiking=1
BROWSER LOG: [GATE_BLOCKED] case=2 name="Ravi Sharma" pid=spaces/bgcUx4X5YpkB/devices/79 gap=36ms le
vel=0.0951 otherClaimants="Gautam gupta,Gautam gupta"
BROWSER LOG: [GATE_BLOCKED] case=2 name="Ravi Sharma" pid=spaces/bgcUx4X5YpkB/devices/79 gap=16ms le
vel=0.1879 otherClaimants="Gautam gupta,Gautam gupta"
BROWSER LOG: [AVBOND_REJECTED] name="Ravi Sharma" pid=spaces/bgcUx4X5YpkB/devices/79 trackId=ec540b7
6-6a4f-40ea-9a32-9382ec9f0c45 ownedBy="Gautam gupta"
BROWSER LOG: [AVBOND_REJECTED] name="Ravi Sharma" pid=spaces/bgcUx4X5YpkB/devices/79 trackId=ec540b7
6-6a4f-40ea-9a32-9382ec9f0c45 ownedBy="Gautam gupta"
BROWSER LOG: [AVBOND_REJECTED] name="Ravi Sharma" pid=spaces/bgcUx4X5YpkB/devices/79 trackId=ec540b7
6-6a4f-40ea-9a32-9382ec9f0c45 ownedBy="Gautam gupta"
BROWSER LOG: [AVBOND_REJECTED] name="Ravi Sharma" pid=spaces/bgcUx4X5YpkB/devices/79 trackId=ec540b7
6-6a4f-40ea-9a32-9382ec9f0c45 ownedBy="Gautam gupta"
BROWSER LOG: [AVBOND_REJECTED] name="Ravi Sharma" pid=spaces/bgcUx4X5YpkB/devices/79 trackId=ec540b7
6-6a4f-40ea-9a32-9382ec9f0c45 ownedBy="Gautam gupta"
BROWSER LOG: [AVBOND_REJECTED] name="Ravi Sharma" pid=spaces/bgcUx4X5YpkB/devices/79 trackId=ec540b7
6-6a4f-40ea-9a32-9382ec9f0c45 ownedBy="Gautam gupta"
BROWSER LOG: [AVBOND_REJECTED] name="Ravi Sharma" pid=spaces/bgcUx4X5YpkB/devices/79 trackId=ec540b7
6-6a4f-40ea-9a32-9382ec9f0c45 ownedBy="Gautam gupta"
BROWSER LOG: [AVBOND_REJECTED] name="Ravi Sharma" pid=spaces/bgcUx4X5YpkB/devices/79 trackId=ec540b7
6-6a4f-40ea-9a32-9382ec9f0c45 ownedBy="Gautam gupta"
BROWSER LOG: [AVBOND_REJECTED] name="Ravi Sharma" pid=spaces/bgcUx4X5YpkB/devices/79 trackId=ec540b7
6-6a4f-40ea-9a32-9382ec9f0c45 ownedBy="Gautam gupta"
BROWSER LOG: [AVBOND_REJECTED] name="Ravi Sharma" pid=spaces/bgcUx4X5YpkB/devices/79 trackId=ec540b7
6-6a4f-40ea-9a32-9382ec9f0c45 ownedBy="Gautam gupta"
BROWSER LOG: [AVBOND_REJECTED] name="Ravi Sharma" pid=spaces/bgcUx4X5YpkB/devices/79 trackId=ec540b7
6-6a4f-40ea-9a32-9382ec9f0c45 ownedBy="Gautam gupta"
BROWSER LOG: [AVBOND_REJECTED] name="Ravi Sharma" pid=spaces/bgcUx4X5YpkB/devices/79 trackId=ec540b7
6-6a4f-40ea-9a32-9382ec9f0c45 ownedBy="Gautam gupta"
BROWSER LOG: [AVBOND_REJECTED] name="Ravi Sharma" pid=spaces/bgcUx4X5YpkB/devices/79 trackId=ec540b7
6-6a4f-40ea-9a32-9382ec9f0c45 ownedBy="Gautam gupta"
BROWSER LOG: [AVBOND_REJECTED] name="Ravi Sharma" pid=spaces/bgcUx4X5YpkB/devices/79 trackId=ec540b7
6-6a4f-40ea-9a32-9382ec9f0c45 ownedBy="Gautam gupta"
BROWSER LOG: [AVBOND_REJECTED] name="Ravi Sharma" pid=spaces/bgcUx4X5YpkB/devices/79 trackId=ec540b7
6-6a4f-40ea-9a32-9382ec9f0c45 ownedBy="Gautam gupta"
BROWSER LOG: [AVBOND_REJECTED] name="Ravi Sharma" pid=spaces/bgcUx4X5YpkB/devices/79 trackId=ec540b7
6-6a4f-40ea-9a32-9382ec9f0c45 ownedBy="Gautam gupta"
BROWSER LOG: [AVBOND_REJECTED] name="Ravi Sharma" pid=spaces/bgcUx4X5YpkB/devices/79 trackId=ec540b7
6-6a4f-40ea-9a32-9382ec9f0c45 ownedBy="Gautam gupta"
BROWSER LOG: [AVBOND_REJECTED] name="Ravi Sharma" pid=spaces/bgcUx4X5YpkB/devices/79 trackId=ec540b7
6-6a4f-40ea-9a32-9382ec9f0c45 ownedBy="Gautam gupta"
BROWSER LOG: [GATE_BLOCKED] case=2 name="Ravi Sharma" pid=spaces/bgcUx4X5YpkB/devices/79 gap=56ms le
vel=0.1442 otherClaimants="Gautam gupta"
BROWSER LOG: [AVBOND_REJECTED] name="Ravi Sharma" pid=spaces/bgcUx4X5YpkB/devices/79 trackId=ec540b7
6-6a4f-40ea-9a32-9382ec9f0c45 ownedBy="Gautam gupta"
BROWSER LOG: [AVBOND_REJECTED] name="Ravi Sharma" pid=spaces/bgcUx4X5YpkB/devices/79 trackId=ec540b7
6-6a4f-40ea-9a32-9382ec9f0c45 ownedBy="Gautam gupta"
BROWSER LOG: [AVBOND_REJECTED] name="Ravi Sharma" pid=spaces/bgcUx4X5YpkB/devices/79 trackId=ec540b7
6-6a4f-40ea-9a32-9382ec9f0c45 ownedBy="Gautam gupta"
BROWSER LOG: [AVBOND_REJECTED] name="Ravi Sharma" pid=spaces/bgcUx4X5YpkB/devices/79 trackId=ec540b7
6-6a4f-40ea-9a32-9382ec9f0c45 ownedBy="Gautam gupta"
BROWSER LOG: [AVBOND_REJECTED] name="Ravi Sharma" pid=spaces/bgcUx4X5YpkB/devices/79 trackId=ec540b7
6-6a4f-40ea-9a32-9382ec9f0c45 ownedBy="Gautam gupta"
BROWSER LOG: [AVBOND_REJECTED] name="Ravi Sharma" pid=spaces/bgcUx4X5YpkB/devices/79 trackId=ec540b7
6-6a4f-40ea-9a32-9382ec9f0c45 ownedBy="Gautam gupta"
BROWSER LOG: [AVBOND_REJECTED] name="Ravi Sharma" pid=spaces/bgcUx4X5YpkB/devices/79 trackId=ec540b7
6-6a4f-40ea-9a32-9382ec9f0c45 ownedBy="Gautam gupta"
BROWSER LOG: [GATE_BLOCKED] case=1 name="Ravi Sharma" pid=spaces/bgcUx4X5YpkB/devices/79 gap=14ms le
vel=0.4525 otherTracksSpiking=1
BROWSER LOG: [GATE_BLOCKED] case=1 name="Ravi Sharma" pid=spaces/bgcUx4X5YpkB/devices/79 gap=14ms le
vel=0.1414 otherTracksSpiking=1
BROWSER LOG: [AVBOND_REJECTED] name="Ravi Sharma" pid=spaces/bgcUx4X5YpkB/devices/79 trackId=ec540b7
6-6a4f-40ea-9a32-9382ec9f0c45 ownedBy="Gautam gupta"
BROWSER LOG: [AVBOND_REJECTED] name="Ravi Sharma" pid=spaces/bgcUx4X5YpkB/devices/79 trackId=ec540b7
6-6a4f-40ea-9a32-9382ec9f0c45 ownedBy="Gautam gupta"
BROWSER LOG: [AVBOND_REJECTED] name="Ravi Sharma" pid=spaces/bgcUx4X5YpkB/devices/79 trackId=ec540b7
6-6a4f-40ea-9a32-9382ec9f0c45 ownedBy="Gautam gupta"
BROWSER LOG: [AVBOND_REJECTED] name="Ravi Sharma" pid=spaces/bgcUx4X5YpkB/devices/79 trackId=ec540b7
6-6a4f-40ea-9a32-9382ec9f0c45 ownedBy="Gautam gupta"
BROWSER LOG: [AVBOND_REJECTED] name="Ravi Sharma" pid=spaces/bgcUx4X5YpkB/devices/79 trackId=ec540b7
6-6a4f-40ea-9a32-9382ec9f0c45 ownedBy="Gautam gupta"
BROWSER LOG: [GATE_BLOCKED] case=1 name="Ravi Sharma" pid=spaces/bgcUx4X5YpkB/devices/79 gap=13ms le
vel=0.2943 otherTracksSpiking=1
BROWSER LOG: [GATE_BLOCKED] case=1 name="Ravi Sharma" pid=spaces/bgcUx4X5YpkB/devices/79 gap=83ms le
vel=0.2729 otherTracksSpiking=1
BROWSER LOG: [AVBOND_REJECTED] name="Ravi Sharma" pid=spaces/bgcUx4X5YpkB/devices/79 trackId=ec540b7
6-6a4f-40ea-9a32-9382ec9f0c45 ownedBy="Gautam gupta"
BROWSER LOG: [STRENGTH_PASSED] name="Ravi Sharma" pid=spaces/bgcUx4X5YpkB/devices/79 gap=14ms level=
0.4315
BROWSER LOG: [DUAL_CONFIRM_PASSED] name="Ravi Sharma" pid=spaces/bgcUx4X5YpkB/devices/79 1st=(gap=14
ms level=0.4315) 2nd=(gap=54ms level=0.1381) totalMs=101
BROWSER LOG: [AVBOND_LOCKED] name="Ravi Sharma" pid=spaces/bgcUx4X5YpkB/devices/79 trackId=324e73c5-
3cb3-4ba8-8d19-eb33d04409e4
[WS_STREAM_OPEN] participantId=spaces/bgcUx4X5YpkB/devices/79::seg2 -> C:\Bot_Streaming_Poc\Meeting-
Bot-Streaming-POC\src\recordings\spaces_bgcUx4X5YpkB_devices_79__seg2.webm hasAudio=true
BROWSER LOG: [AVBOND_REJECTED] name="Gautam gupta" pid=spaces/bgcUx4X5YpkB/devices/80 trackId=324e73
c5-3cb3-4ba8-8d19-eb33d04409e4 ownedBy="Ravi Sharma"
BROWSER LOG: [AVBOND_REJECTED] name="Gautam gupta" pid=spaces/bgcUx4X5YpkB/devices/80 trackId=324e73
c5-3cb3-4ba8-8d19-eb33d04409e4 ownedBy="Ravi Sharma"
BROWSER LOG: [AVBOND_REJECTED] name="Gautam gupta" pid=spaces/bgcUx4X5YpkB/devices/80 trackId=324e73
c5-3cb3-4ba8-8d19-eb33d04409e4 ownedBy="Ravi Sharma"
[WS_CLOSED] participantId=spaces/bgcUx4X5YpkB/devices/79::seg1
BROWSER LOG: [AVBOND_REJECTED] name="Gautam gupta" pid=spaces/bgcUx4X5YpkB/devices/80 trackId=324e73
c5-3cb3-4ba8-8d19-eb33d04409e4 ownedBy="Ravi Sharma"
BROWSER LOG: [AVBOND_REJECTED] name="Gautam gupta" pid=spaces/bgcUx4X5YpkB/devices/80 trackId=324e73
c5-3cb3-4ba8-8d19-eb33d04409e4 ownedBy="Ravi Sharma"
BROWSER LOG: [AVBOND_REJECTED] name="Gautam gupta" pid=spaces/bgcUx4X5YpkB/devices/80 trackId=324e73
c5-3cb3-4ba8-8d19-eb33d04409e4 ownedBy="Ravi Sharma"
BROWSER LOG: [AVBOND_REJECTED] name="Gautam gupta" pid=spaces/bgcUx4X5YpkB/devices/80 trackId=324e73
c5-3cb3-4ba8-8d19-eb33d04409e4 ownedBy="Ravi Sharma"
BROWSER LOG: [AVBOND_REJECTED] name="Gautam gupta" pid=spaces/bgcUx4X5YpkB/devices/80 trackId=324e73
c5-3cb3-4ba8-8d19-eb33d04409e4 ownedBy="Ravi Sharma"
BROWSER LOG: [AVBOND_REJECTED] name="Gautam gupta" pid=spaces/bgcUx4X5YpkB/devices/80 trackId=324e73
c5-3cb3-4ba8-8d19-eb33d04409e4 ownedBy="Ravi Sharma"
BROWSER LOG: [AVBOND_REJECTED] name="Gautam gupta" pid=spaces/bgcUx4X5YpkB/devices/80 trackId=324e73
c5-3cb3-4ba8-8d19-eb33d04409e4 ownedBy="Ravi Sharma"
BROWSER LOG: [AVBOND_REJECTED] name="Ravi Sharma" pid=spaces/bgcUx4X5YpkB/devices/79 trackId=ec540b7
6-6a4f-40ea-9a32-9382ec9f0c45 ownedBy="Gautam gupta"
BROWSER LOG: [AVBOND_REJECTED] name="Ravi Sharma" pid=spaces/bgcUx4X5YpkB/devices/79 trackId=ec540b7
6-6a4f-40ea-9a32-9382ec9f0c45 ownedBy="Gautam gupta"
BROWSER LOG: [AVBOND_REJECTED] name="Ravi Sharma" pid=spaces/bgcUx4X5YpkB/devices/79 trackId=ec540b7
6-6a4f-40ea-9a32-9382ec9f0c45 ownedBy="Gautam gupta"
BROWSER LOG: [AVBOND_REJECTED] name="Ravi Sharma" pid=spaces/bgcUx4X5YpkB/devices/79 trackId=ec540b7
6-6a4f-40ea-9a32-9382ec9f0c45 ownedBy="Gautam gupta"
BROWSER LOG: [AVBOND_REJECTED] name="Ravi Sharma" pid=spaces/bgcUx4X5YpkB/devices/79 trackId=ec540b7
6-6a4f-40ea-9a32-9382ec9f0c45 ownedBy="Gautam gupta"
BROWSER LOG: [AVBOND_REJECTED] name="Ravi Sharma" pid=spaces/bgcUx4X5YpkB/devices/79 trackId=ec540b7
6-6a4f-40ea-9a32-9382ec9f0c45 ownedBy="Gautam gupta"
BROWSER LOG: [AVBOND_REJECTED] name="Ravi Sharma" pid=spaces/bgcUx4X5YpkB/devices/79 trackId=ec540b7
6-6a4f-40ea-9a32-9382ec9f0c45 ownedBy="Gautam gupta"
BROWSER LOG: [AVBOND_REJECTED] name="Ravi Sharma" pid=spaces/bgcUx4X5YpkB/devices/79 trackId=ec540b7
6-6a4f-40ea-9a32-9382ec9f0c45 ownedBy="Gautam gupta"
BROWSER LOG: [AVBOND_REJECTED] name="Ravi Sharma" pid=spaces/bgcUx4X5YpkB/devices/79 trackId=ec540b7
6-6a4f-40ea-9a32-9382ec9f0c45 ownedBy="Gautam gupta"
BROWSER LOG: [AVBOND_REJECTED] name="Ravi Sharma" pid=spaces/bgcUx4X5YpkB/devices/79 trackId=ec540b7
6-6a4f-40ea-9a32-9382ec9f0c45 ownedBy="Gautam gupta"
BROWSER LOG: [AVBOND_REJECTED] name="Ravi Sharma" pid=spaces/bgcUx4X5YpkB/devices/79 trackId=ec540b7
6-6a4f-40ea-9a32-9382ec9f0c45 ownedBy="Gautam gupta"
BROWSER LOG: [AVBOND_REJECTED] name="Ravi Sharma" pid=spaces/bgcUx4X5YpkB/devices/79 trackId=ec540b7
6-6a4f-40ea-9a32-9382ec9f0c45 ownedBy="Gautam gupta"
BROWSER LOG: [AVBOND_REJECTED] name="Ravi Sharma" pid=spaces/bgcUx4X5YpkB/devices/79 trackId=ec540b7
6-6a4f-40ea-9a32-9382ec9f0c45 ownedBy="Gautam gupta"
[EVENT_AUDIO_OFF] participantId=spaces/bgcUx4X5YpkB/devices/80 trackId=324e73c5-3cb3-4ba8-8d19-eb33d
04409e4
BROWSER LOG: [AVBOND_REJECTED] name="Ravi Sharma" pid=spaces/bgcUx4X5YpkB/devices/79 trackId=ec540b7
6-6a4f-40ea-9a32-9382ec9f0c45 ownedBy="Gautam gupta"
BROWSER LOG: [AVBOND_REJECTED] name="Ravi Sharma" pid=spaces/bgcUx4X5YpkB/devices/79 trackId=ec540b7
6-6a4f-40ea-9a32-9382ec9f0c45 ownedBy="Gautam gupta"
[EVENT_AUDIO_ON] participantId=spaces/bgcUx4X5YpkB/devices/80 trackId=ec540b76-6a4f-40ea-9a32-9382ec
9f0c45
BROWSER LOG: [AVBOND_REJECTED] name="Ravi Sharma" pid=spaces/bgcUx4X5YpkB/devices/79 trackId=ec540b7
6-6a4f-40ea-9a32-9382ec9f0c45 ownedBy="Gautam gupta"
BROWSER LOG: [AVBOND_REJECTED] name="Ravi Sharma" pid=spaces/bgcUx4X5YpkB/devices/79 trackId=ec540b7
6-6a4f-40ea-9a32-9382ec9f0c45 ownedBy="Gautam gupta"
BROWSER LOG: [AVBOND_REJECTED] name="Gautam gupta" pid=spaces/bgcUx4X5YpkB/devices/80 trackId=324e73
c5-3cb3-4ba8-8d19-eb33d04409e4 ownedBy="Ravi Sharma"
BROWSER LOG: [AVBOND_REJECTED] name="Ravi Sharma" pid=spaces/bgcUx4X5YpkB/devices/79 trackId=ec540b7
6-6a4f-40ea-9a32-9382ec9f0c45 ownedBy="Gautam gupta"
BROWSER LOG: [AVBOND_REJECTED] name="Gautam gupta" pid=spaces/bgcUx4X5YpkB/devices/80 trackId=324e73
c5-3cb3-4ba8-8d19-eb33d04409e4 ownedBy="Ravi Sharma"
BROWSER LOG: [AVBOND_REJECTED] name="Gautam gupta" pid=spaces/bgcUx4X5YpkB/devices/80 trackId=324e73
c5-3cb3-4ba8-8d19-eb33d04409e4 ownedBy="Ravi Sharma"
BROWSER LOG: [AVBOND_REJECTED] name="Gautam gupta" pid=spaces/bgcUx4X5YpkB/devices/80 trackId=324e73
c5-3cb3-4ba8-8d19-eb33d04409e4 ownedBy="Ravi Sharma"
BROWSER LOG: [AVBOND_REJECTED] name="Gautam gupta" pid=spaces/bgcUx4X5YpkB/devices/80 trackId=324e73
c5-3cb3-4ba8-8d19-eb33d04409e4 ownedBy="Ravi Sharma"
BROWSER LOG: [AVBOND_REJECTED] name="Gautam gupta" pid=spaces/bgcUx4X5YpkB/devices/80 trackId=324e73
c5-3cb3-4ba8-8d19-eb33d04409e4 ownedBy="Ravi Sharma"
BROWSER LOG: [AVBOND_REJECTED] name="Gautam gupta" pid=spaces/bgcUx4X5YpkB/devices/80 trackId=324e73
c5-3cb3-4ba8-8d19-eb33d04409e4 ownedBy="Ravi Sharma"
BROWSER LOG: [AVBOND_REJECTED] name="Gautam gupta" pid=spaces/bgcUx4X5YpkB/devices/80 trackId=324e73
c5-3cb3-4ba8-8d19-eb33d04409e4 ownedBy="Ravi Sharma"
BROWSER LOG: [AVBOND_REJECTED] name="Gautam gupta" pid=spaces/bgcUx4X5YpkB/devices/80 trackId=324e73
c5-3cb3-4ba8-8d19-eb33d04409e4 ownedBy="Ravi Sharma"
BROWSER LOG: [AVBOND_REJECTED] name="Ravi Sharma" pid=spaces/bgcUx4X5YpkB/devices/79 trackId=ec540b7
6-6a4f-40ea-9a32-9382ec9f0c45 ownedBy="Gautam gupta"
BROWSER LOG: [AVBOND_REJECTED] name="Ravi Sharma" pid=spaces/bgcUx4X5YpkB/devices/79 trackId=ec540b7
6-6a4f-40ea-9a32-9382ec9f0c45 ownedBy="Gautam gupta"
BROWSER LOG: [AVBOND_REJECTED] name="Ravi Sharma" pid=spaces/bgcUx4X5YpkB/devices/79 trackId=ec540b7
6-6a4f-40ea-9a32-9382ec9f0c45 ownedBy="Gautam gupta"
BROWSER LOG: [AVBOND_REJECTED] name="Ravi Sharma" pid=spaces/bgcUx4X5YpkB/devices/79 trackId=ec540b7
6-6a4f-40ea-9a32-9382ec9f0c45 ownedBy="Gautam gupta"
BROWSER LOG: [AVBOND_REJECTED] name="Ravi Sharma" pid=spaces/bgcUx4X5YpkB/devices/79 trackId=ec540b7
6-6a4f-40ea-9a32-9382ec9f0c45 ownedBy="Gautam gupta"
BROWSER LOG: [AVBOND_REJECTED] name="Ravi Sharma" pid=spaces/bgcUx4X5YpkB/devices/79 trackId=ec540b7
6-6a4f-40ea-9a32-9382ec9f0c45 ownedBy="Gautam gupta"
BROWSER LOG: [AVBOND_REJECTED] name="Ravi Sharma" pid=spaces/bgcUx4X5YpkB/devices/79 trackId=ec540b7
6-6a4f-40ea-9a32-9382ec9f0c45 ownedBy="Gautam gupta"
BROWSER LOG: [AVBOND_REJECTED] name="Ravi Sharma" pid=spaces/bgcUx4X5YpkB/devices/79 trackId=ec540b7
6-6a4f-40ea-9a32-9382ec9f0c45 ownedBy="Gautam gupta"
BROWSER LOG: [AVBOND_REJECTED] name="Ravi Sharma" pid=spaces/bgcUx4X5YpkB/devices/79 trackId=ec540b7
6-6a4f-40ea-9a32-9382ec9f0c45 ownedBy="Gautam gupta"
BROWSER LOG: [AVBOND_REJECTED] name="Ravi Sharma" pid=spaces/bgcUx4X5YpkB/devices/79 trackId=ec540b7
6-6a4f-40ea-9a32-9382ec9f0c45 ownedBy="Gautam gupta"
BROWSER LOG: [AVBOND_REJECTED] name="Ravi Sharma" pid=spaces/bgcUx4X5YpkB/devices/79 trackId=ec540b7
6-6a4f-40ea-9a32-9382ec9f0c45 ownedBy="Gautam gupta"
BROWSER LOG: [AVBOND_REJECTED] name="Ravi Sharma" pid=spaces/bgcUx4X5YpkB/devices/79 trackId=ec540b7
6-6a4f-40ea-9a32-9382ec9f0c45 ownedBy="Gautam gupta"
BROWSER LOG: [AVBOND_REJECTED] name="Ravi Sharma" pid=spaces/bgcUx4X5YpkB/devices/79 trackId=ec540b7
6-6a4f-40ea-9a32-9382ec9f0c45 ownedBy="Gautam gupta"
BROWSER LOG: [AVBOND_REJECTED] name="Ravi Sharma" pid=spaces/bgcUx4X5YpkB/devices/79 trackId=ec540b7
6-6a4f-40ea-9a32-9382ec9f0c45 ownedBy="Gautam gupta"
BROWSER LOG: [AVBOND_REJECTED] name="Ravi Sharma" pid=spaces/bgcUx4X5YpkB/devices/79 trackId=ec540b7
6-6a4f-40ea-9a32-9382ec9f0c45 ownedBy="Gautam gupta"
BROWSER LOG: [AVBOND_REJECTED] name="Ravi Sharma" pid=spaces/bgcUx4X5YpkB/devices/79 trackId=ec540b7
6-6a4f-40ea-9a32-9382ec9f0c45 ownedBy="Gautam gupta"
BROWSER LOG: [AVBOND_REJECTED] name="Ravi Sharma" pid=spaces/bgcUx4X5YpkB/devices/79 trackId=ec540b7
6-6a4f-40ea-9a32-9382ec9f0c45 ownedBy="Gautam gupta"
BROWSER LOG: [AVBOND_REJECTED] name="Ravi Sharma" pid=spaces/bgcUx4X5YpkB/devices/79 trackId=ec540b7
6-6a4f-40ea-9a32-9382ec9f0c45 ownedBy="Gautam gupta"
BROWSER LOG: [AVBOND_REJECTED] name="Ravi Sharma" pid=spaces/bgcUx4X5YpkB/devices/79 trackId=ec540b7
6-6a4f-40ea-9a32-9382ec9f0c45 ownedBy="Gautam gupta"
BROWSER LOG: [AVBOND_REJECTED] name="Ravi Sharma" pid=spaces/bgcUx4X5YpkB/devices/79 trackId=ec540b7
6-6a4f-40ea-9a32-9382ec9f0c45 ownedBy="Gautam gupta"
BROWSER LOG: [AVBOND_REJECTED] name="Ravi Sharma" pid=spaces/bgcUx4X5YpkB/devices/79 trackId=ec540b7
6-6a4f-40ea-9a32-9382ec9f0c45 ownedBy="Gautam gupta"
BROWSER LOG: [AVBOND_REJECTED] name="Ravi Sharma" pid=spaces/bgcUx4X5YpkB/devices/79 trackId=ec540b7
6-6a4f-40ea-9a32-9382ec9f0c45 ownedBy="Gautam gupta"
BROWSER LOG: [AVBOND_REJECTED] name="Ravi Sharma" pid=spaces/bgcUx4X5YpkB/devices/79 trackId=ec540b7
6-6a4f-40ea-9a32-9382ec9f0c45 ownedBy="Gautam gupta"
BROWSER LOG: [AVBOND_REJECTED] name="Ravi Sharma" pid=spaces/bgcUx4X5YpkB/devices/79 trackId=ec540b7
6-6a4f-40ea-9a32-9382ec9f0c45 ownedBy="Gautam gupta"
BROWSER LOG: [AVBOND_REJECTED] name="Ravi Sharma" pid=spaces/bgcUx4X5YpkB/devices/79 trackId=ec540b7
6-6a4f-40ea-9a32-9382ec9f0c45 ownedBy="Gautam gupta"
BROWSER LOG: [AVBOND_REJECTED] name="Ravi Sharma" pid=spaces/bgcUx4X5YpkB/devices/79 trackId=ec540b7
6-6a4f-40ea-9a32-9382ec9f0c45 ownedBy="Gautam gupta"
[EVENT_AUDIO_OFF] participantId=spaces/bgcUx4X5YpkB/devices/80 trackId=324e73c5-3cb3-4ba8-8d19-eb33d
04409e4
BROWSER LOG: [AVBOND_REJECTED] name="Ravi Sharma" pid=spaces/bgcUx4X5YpkB/devices/79 trackId=ec540b7
6-6a4f-40ea-9a32-9382ec9f0c45 ownedBy="Gautam gupta"
BROWSER LOG: [AVBOND_REJECTED] name="Ravi Sharma" pid=spaces/bgcUx4X5YpkB/devices/79 trackId=ec540b7
6-6a4f-40ea-9a32-9382ec9f0c45 ownedBy="Gautam gupta"
BROWSER LOG: [AVBOND_REJECTED] name="Ravi Sharma" pid=spaces/bgcUx4X5YpkB/devices/79 trackId=ec540b7
6-6a4f-40ea-9a32-9382ec9f0c45 ownedBy="Gautam gupta"
BROWSER LOG: [AVBOND_REJECTED] name="Gautam gupta" pid=spaces/bgcUx4X5YpkB/devices/80 trackId=324e73
c5-3cb3-4ba8-8d19-eb33d04409e4 ownedBy="Ravi Sharma"
[EVENT_AUDIO_ON] participantId=spaces/bgcUx4X5YpkB/devices/80 trackId=324e73c5-3cb3-4ba8-8d19-eb33d0
4409e4
BROWSER LOG: [AVBOND_REJECTED] name="Ravi Sharma" pid=spaces/bgcUx4X5YpkB/devices/79 trackId=ec540b7
6-6a4f-40ea-9a32-9382ec9f0c45 ownedBy="Gautam gupta"
BROWSER LOG: [AVBOND_REJECTED] name="Ravi Sharma" pid=spaces/bgcUx4X5YpkB/devices/79 trackId=ec540b7
6-6a4f-40ea-9a32-9382ec9f0c45 ownedBy="Gautam gupta"
BROWSER LOG: [AVBOND_REJECTED] name="Ravi Sharma" pid=spaces/bgcUx4X5YpkB/devices/79 trackId=ec540b7
6-6a4f-40ea-9a32-9382ec9f0c45 ownedBy="Gautam gupta"
BROWSER LOG: [AVBOND_REJECTED] name="Ravi Sharma" pid=spaces/bgcUx4X5YpkB/devices/79 trackId=ec540b7
6-6a4f-40ea-9a32-9382ec9f0c45 ownedBy="Gautam gupta"
BROWSER LOG: [AVBOND_REJECTED] name="Ravi Sharma" pid=spaces/bgcUx4X5YpkB/devices/79 trackId=ec540b7
6-6a4f-40ea-9a32-9382ec9f0c45 ownedBy="Gautam gupta"
BROWSER LOG: [AVBOND_REJECTED] name="Ravi Sharma" pid=spaces/bgcUx4X5YpkB/devices/79 trackId=ec540b7
6-6a4f-40ea-9a32-9382ec9f0c45 ownedBy="Gautam gupta"
BROWSER LOG: [AVBOND_REJECTED] name="Ravi Sharma" pid=spaces/bgcUx4X5YpkB/devices/79 trackId=ec540b7
6-6a4f-40ea-9a32-9382ec9f0c45 ownedBy="Gautam gupta"
BROWSER LOG: [AVBOND_REJECTED] name="Ravi Sharma" pid=spaces/bgcUx4X5YpkB/devices/79 trackId=ec540b7
6-6a4f-40ea-9a32-9382ec9f0c45 ownedBy="Gautam gupta"
BROWSER LOG: [AVBOND_REJECTED] name="Ravi Sharma" pid=spaces/bgcUx4X5YpkB/devices/79 trackId=ec540b7
6-6a4f-40ea-9a32-9382ec9f0c45 ownedBy="Gautam gupta"
BROWSER LOG: [AVBOND_REJECTED] name="Ravi Sharma" pid=spaces/bgcUx4X5YpkB/devices/79 trackId=ec540b7
6-6a4f-40ea-9a32-9382ec9f0c45 ownedBy="Gautam gupta"
BROWSER LOG: [AVBOND_REJECTED] name="Ravi Sharma" pid=spaces/bgcUx4X5YpkB/devices/79 trackId=ec540b7
6-6a4f-40ea-9a32-9382ec9f0c45 ownedBy="Gautam gupta"
BROWSER LOG: [AVBOND_REJECTED] name="Ravi Sharma" pid=spaces/bgcUx4X5YpkB/devices/79 trackId=ec540b7
6-6a4f-40ea-9a32-9382ec9f0c45 ownedBy="Gautam gupta"
BROWSER LOG: [AVBOND_REJECTED] name="Ravi Sharma" pid=spaces/bgcUx4X5YpkB/devices/79 trackId=ec540b7
6-6a4f-40ea-9a32-9382ec9f0c45 ownedBy="Gautam gupta"
BROWSER LOG: [AVBOND_REJECTED] name="Ravi Sharma" pid=spaces/bgcUx4X5YpkB/devices/79 trackId=ec540b7
6-6a4f-40ea-9a32-9382ec9f0c45 ownedBy="Gautam gupta"
BROWSER LOG: [AVBOND_REJECTED] name="Ravi Sharma" pid=spaces/bgcUx4X5YpkB/devices/79 trackId=ec540b7
6-6a4f-40ea-9a32-9382ec9f0c45 ownedBy="Gautam gupta"
BROWSER LOG: [AVBOND_REJECTED] name="Ravi Sharma" pid=spaces/bgcUx4X5YpkB/devices/79 trackId=ec540b7
6-6a4f-40ea-9a32-9382ec9f0c45 ownedBy="Gautam gupta"
BROWSER LOG: [AVBOND_REJECTED] name="Ravi Sharma" pid=spaces/bgcUx4X5YpkB/devices/79 trackId=ec540b7
6-6a4f-40ea-9a32-9382ec9f0c45 ownedBy="Gautam gupta"
BROWSER LOG: [AVBOND_REJECTED] name="Ravi Sharma" pid=spaces/bgcUx4X5YpkB/devices/79 trackId=ec540b7
6-6a4f-40ea-9a32-9382ec9f0c45 ownedBy="Gautam gupta"
BROWSER LOG: [AVBOND_REJECTED] name="Ravi Sharma" pid=spaces/bgcUx4X5YpkB/devices/79 trackId=ec540b7
6-6a4f-40ea-9a32-9382ec9f0c45 ownedBy="Gautam gupta"
BROWSER LOG: [AVBOND_REJECTED] name="Ravi Sharma" pid=spaces/bgcUx4X5YpkB/devices/79 trackId=ec540b7
6-6a4f-40ea-9a32-9382ec9f0c45 ownedBy="Gautam gupta"
BROWSER LOG: [AVBOND_REJECTED] name="Ravi Sharma" pid=spaces/bgcUx4X5YpkB/devices/79 trackId=ec540b7
6-6a4f-40ea-9a32-9382ec9f0c45 ownedBy="Gautam gupta"
BROWSER LOG: [AVBOND_REJECTED] name="Ravi Sharma" pid=spaces/bgcUx4X5YpkB/devices/79 trackId=ec540b7
6-6a4f-40ea-9a32-9382ec9f0c45 ownedBy="Gautam gupta"
BROWSER LOG: [AVBOND_REJECTED] name="Ravi Sharma" pid=spaces/bgcUx4X5YpkB/devices/79 trackId=ec540b7
6-6a4f-40ea-9a32-9382ec9f0c45 ownedBy="Gautam gupta"
BROWSER LOG: [AVBOND_REJECTED] name="Ravi Sharma" pid=spaces/bgcUx4X5YpkB/devices/79 trackId=ec540b7
6-6a4f-40ea-9a32-9382ec9f0c45 ownedBy="Gautam gupta"
BROWSER LOG: [AVBOND_REJECTED] name="Ravi Sharma" pid=spaces/bgcUx4X5YpkB/devices/79 trackId=ec540b7
6-6a4f-40ea-9a32-9382ec9f0c45 ownedBy="Gautam gupta"
BROWSER LOG: [AVBOND_REJECTED] name="Gautam gupta" pid=spaces/bgcUx4X5YpkB/devices/80 trackId=324e73
c5-3cb3-4ba8-8d19-eb33d04409e4 ownedBy="Ravi Sharma"
BROWSER LOG: [AVBOND_REJECTED] name="Ravi Sharma" pid=spaces/bgcUx4X5YpkB/devices/79 trackId=ec540b7
6-6a4f-40ea-9a32-9382ec9f0c45 ownedBy="Gautam gupta"
BROWSER LOG: [AVBOND_REJECTED] name="Ravi Sharma" pid=spaces/bgcUx4X5YpkB/devices/79 trackId=ec540b7
6-6a4f-40ea-9a32-9382ec9f0c45 ownedBy="Gautam gupta"
BROWSER LOG: [AVBOND_REJECTED] name="Ravi Sharma" pid=spaces/bgcUx4X5YpkB/devices/79 trackId=ec540b7
6-6a4f-40ea-9a32-9382ec9f0c45 ownedBy="Gautam gupta"
[EVENT_VIDEO_OFF] participantId=spaces/bgcUx4X5YpkB/devices/80 trackId=e235fd9a-e2ea-40f9-a1f1-97457
3cb67c4
[EVENT_VIDEO_ON] participantId=spaces/bgcUx4X5YpkB/devices/80 trackId=e235fd9a-e2ea-40f9-a1f1-974573
cb67c4
BROWSER LOG: [AVBOND_REJECTED] name="Ravi Sharma" pid=spaces/bgcUx4X5YpkB/devices/79 trackId=ec540b7
6-6a4f-40ea-9a32-9382ec9f0c45 ownedBy="Gautam gupta"
BROWSER LOG: [AVBOND_RELEASED] trackId=ec540b76-6a4f-40ea-9a32-9382ec9f0c45 participantId=spaces/bgc
Ux4X5YpkB/devices/80
[EVENT_AUDIO_OFF] participantId=spaces/bgcUx4X5YpkB/devices/80 trackId=null
[WS_CLOSED] participantId=spaces/bgcUx4X5YpkB/devices/80::seg2
[WS_STREAM_OPEN] participantId=spaces/bgcUx4X5YpkB/devices/81::seg1 -> C:\Bot_Streaming_Poc\Meeting-
Bot-Streaming-POC\src\recordings\spaces_bgcUx4X5YpkB_devices_81__seg1.webm hasAudio=false
[EVENT_VIDEO_OFF] participantId=spaces/bgcUx4X5YpkB/devices/81 trackId=06588504-8f3d-41bc-bbde-124af
9406e39
[EVENT_VIDEO_ON] participantId=spaces/bgcUx4X5YpkB/devices/81 trackId=06588504-8f3d-41bc-bbde-124af9
406e39
BROWSER LOG: [AVBOND_RELEASED] trackId=324e73c5-3cb3-4ba8-8d19-eb33d04409e4 participantId=spaces/bgc
Ux4X5YpkB/devices/79
[WS_CLOSED] participantId=spaces/bgcUx4X5YpkB/devices/79::seg2
[MAPPER_SNAPSHOT] [
  {
    "participantId": "spaces/bgcUx4X5YpkB/devices/79",
    "name": "Ravi Sharma",
    "videoStreamId": "3525817420",
    "currentVideoTrackId": "06588504-8f3d-41bc-bbde-124af9406e39",
    "currentAudioTrackId": "ec540b76-6a4f-40ea-9a32-9382ec9f0c45",
    "videoBound": true,
    "audioBound": true
  },
  {
    "participantId": "spaces/bgcUx4X5YpkB/devices/80",
    "name": "Gautam gupta",
    "videoStreamId": "4031349793",
    "currentVideoTrackId": "e235fd9a-e2ea-40f9-a1f1-974573cb67c4",
    "currentAudioTrackId": "324e73c5-3cb3-4ba8-8d19-eb33d04409e4",
    "videoBound": true,
    "audioBound": true
  },
  {
    "participantId": "spaces/bgcUx4X5YpkB/devices/81",
    "name": "7th Gear",
    "videoStreamId": "3525817420",
    "currentVideoTrackId": "06588504-8f3d-41bc-bbde-124af9406e39",
    "currentAudioTrackId": null,
    "videoBound": true,
    "audioBound": false
  }
]
[EVENT_HISTORY_SNAPSHOT] {
  "spaces/bgcUx4X5YpkB/devices/79": [
    {
      "timestamp": 1790264088067,
      "event": "audio_on",
      "trackId": "324e73c5-3cb3-4ba8-8d19-eb33d04409e4"
    }
  ],
  "spaces/bgcUx4X5YpkB/devices/80": [
    {
      "timestamp": 1790264088113,
      "event": "audio_on",
      "trackId": "324e73c5-3cb3-4ba8-8d19-eb33d04409e4"
    },
    {
      "timestamp": 1790264107632,
      "event": "audio_off",
      "trackId": "324e73c5-3cb3-4ba8-8d19-eb33d04409e4"
    },
    {
      "timestamp": 1790264107894,
      "event": "audio_on",
      "trackId": "324e73c5-3cb3-4ba8-8d19-eb33d04409e4"
    },
    {
      "timestamp": 1790264132631,
      "event": "audio_off",
      "trackId": "324e73c5-3cb3-4ba8-8d19-eb33d04409e4"
    },
    {
      "timestamp": 1790264143904,
      "event": "audio_on",
      "trackId": "324e73c5-3cb3-4ba8-8d19-eb33d04409e4"
    },
    {
      "timestamp": 1790264173632,
      "event": "audio_off",
      "trackId": "324e73c5-3cb3-4ba8-8d19-eb33d04409e4"
    },
    {
      "timestamp": 1790264175202,
      "event": "audio_on",
      "trackId": "ec540b76-6a4f-40ea-9a32-9382ec9f0c45"
    },
    {
      "timestamp": 1790264184132,
      "event": "audio_off",
      "trackId": "324e73c5-3cb3-4ba8-8d19-eb33d04409e4"
    },
    {
      "timestamp": 1790264186093,
      "event": "audio_on",
      "trackId": "324e73c5-3cb3-4ba8-8d19-eb33d04409e4"
    },
    {
      "timestamp": 1790264195543,
      "event": "video_off",
      "trackId": "e235fd9a-e2ea-40f9-a1f1-974573cb67c4"
    },
    {
      "timestamp": 1790264195576,
      "event": "video_on",
      "trackId": "e235fd9a-e2ea-40f9-a1f1-974573cb67c4"
    },
    {
      "timestamp": 1790264197631,
      "event": "audio_off",
      "trackId": null
    }
  ],
  "spaces/bgcUx4X5YpkB/devices/81": [
    {
      "timestamp": 1790264197906,
      "event": "video_off",
      "trackId": "06588504-8f3d-41bc-bbde-124af9406e39"
    },
    {
      "timestamp": 1790264197927,
      "event": "video_on",
      "trackId": "06588504-8f3d-41bc-bbde-124af9406e39"
    }
  ]
}
[EVENT_AUDIO_OFF] participantId=spaces/bgcUx4X5YpkB/devices/79 trackId=324e73c5-3cb3-4ba8-8d19-eb33d
04409e4

[RED] Shutting down — accepting remaining in-flight chunks (4s window)...
[SHUTDOWN] elapsed: 1s — please wait, do not close this window...   [MAPPER_SNAPSHOT] [
  {
    "participantId": "spaces/bgcUx4X5YpkB/devices/79",
    "name": "Ravi Sharma",
    "videoStreamId": "3525817420",
    "currentVideoTrackId": "06588504-8f3d-41bc-bbde-124af9406e39",
    "currentAudioTrackId": "ec540b76-6a4f-40ea-9a32-9382ec9f0c45",
    "videoBound": true,
    "audioBound": true
  },
  {
    "participantId": "spaces/bgcUx4X5YpkB/devices/80",
    "name": "Gautam gupta",
    "videoStreamId": "4031349793",
    "currentVideoTrackId": "e235fd9a-e2ea-40f9-a1f1-974573cb67c4",
    "currentAudioTrackId": "324e73c5-3cb3-4ba8-8d19-eb33d04409e4",
    "videoBound": true,
    "audioBound": true
  },
  {
    "participantId": "spaces/bgcUx4X5YpkB/devices/81",
    "name": "7th Gear",
    "videoStreamId": "3525817420",
    "currentVideoTrackId": "06588504-8f3d-41bc-bbde-124af9406e39",
    "currentAudioTrackId": null,
    "videoBound": true,
    "audioBound": false
  }
]
[EVENT_HISTORY_SNAPSHOT] {
  "spaces/bgcUx4X5YpkB/devices/79": [
    {
      "timestamp": 1790264088067,
      "event": "audio_on",
      "trackId": "324e73c5-3cb3-4ba8-8d19-eb33d04409e4"
    },
    {
      "timestamp": 1790264203131,
      "event": "audio_off",
      "trackId": "324e73c5-3cb3-4ba8-8d19-eb33d04409e4"
    }
  ],
  "spaces/bgcUx4X5YpkB/devices/80": [
    {
      "timestamp": 1790264088113,
      "event": "audio_on",
      "trackId": "324e73c5-3cb3-4ba8-8d19-eb33d04409e4"
    },
    {
      "timestamp": 1790264107632,
      "event": "audio_off",
      "trackId": "324e73c5-3cb3-4ba8-8d19-eb33d04409e4"
    },
    {
      "timestamp": 1790264107894,
      "event": "audio_on",
      "trackId": "324e73c5-3cb3-4ba8-8d19-eb33d04409e4"
    },
    {
      "timestamp": 1790264132631,
      "event": "audio_off",
      "trackId": "324e73c5-3cb3-4ba8-8d19-eb33d04409e4"
    },
    {
      "timestamp": 1790264143904,
      "event": "audio_on",
      "trackId": "324e73c5-3cb3-4ba8-8d19-eb33d04409e4"
    },
    {
      "timestamp": 1790264173632,
      "event": "audio_off",
      "trackId": "324e73c5-3cb3-4ba8-8d19-eb33d04409e4"
    },
    {
      "timestamp": 1790264175202,
      "event": "audio_on",
      "trackId": "ec540b76-6a4f-40ea-9a32-9382ec9f0c45"
    },
    {
      "timestamp": 1790264184132,
      "event": "audio_off",
      "trackId": "324e73c5-3cb3-4ba8-8d19-eb33d04409e4"
    },
    {
      "timestamp": 1790264186093,
      "event": "audio_on",
      "trackId": "324e73c5-3cb3-4ba8-8d19-eb33d04409e4"
    },
    {
      "timestamp": 1790264195543,
      "event": "video_off",
      "trackId": "e235fd9a-e2ea-40f9-a1f1-974573cb67c4"
    },
    {
      "timestamp": 1790264195576,
      "event": "video_on",
      "trackId": "e235fd9a-e2ea-40f9-a1f1-974573cb67c4"
    },
    {
      "timestamp": 1790264197631,
      "event": "audio_off",
      "trackId": null
    }
  ],
  "spaces/bgcUx4X5YpkB/devices/81": [
    {
      "timestamp": 1790264197906,
      "event": "video_off",
      "trackId": "06588504-8f3d-41bc-bbde-124af9406e39"
    },
    {
      "timestamp": 1790264197927,
      "event": "video_on",
      "trackId": "06588504-8f3d-41bc-bbde-124af9406e39"
    }
  ]
}
[SHUTDOWN] elapsed: 5s — please wait, do not close this window...
[FINAL_MAPPER] [
  {
    "participantId": "spaces/bgcUx4X5YpkB/devices/79",
    "name": "Ravi Sharma",
    "videoStreamId": "3525817420",
    "currentVideoTrackId": "06588504-8f3d-41bc-bbde-124af9406e39",
    "currentAudioTrackId": "ec540b76-6a4f-40ea-9a32-9382ec9f0c45",
    "videoBound": true,
    "audioBound": true
  },
  {
    "participantId": "spaces/bgcUx4X5YpkB/devices/80",
    "name": "Gautam gupta",
    "videoStreamId": "4031349793",
    "currentVideoTrackId": "e235fd9a-e2ea-40f9-a1f1-974573cb67c4",
    "currentAudioTrackId": "324e73c5-3cb3-4ba8-8d19-eb33d04409e4",
    "videoBound": true,
    "audioBound": true
  },
  {
    "participantId": "spaces/bgcUx4X5YpkB/devices/81",
    "name": "7th Gear",
    "videoStreamId": "3525817420",
    "currentVideoTrackId": "06588504-8f3d-41bc-bbde-124af9406e39",
    "currentAudioTrackId": null,
    "videoBound": true,
    "audioBound": false
  }
]
[FINAL_EVENT_HISTORY] {
  "spaces/bgcUx4X5YpkB/devices/79": [
    {
      "timestamp": 1790264088067,
      "event": "audio_on",
      "trackId": "324e73c5-3cb3-4ba8-8d19-eb33d04409e4"
    },
    {
      "timestamp": 1790264203131,
      "event": "audio_off",
      "trackId": "324e73c5-3cb3-4ba8-8d19-eb33d04409e4"
    }
  ],
  "spaces/bgcUx4X5YpkB/devices/80": [
    {
      "timestamp": 1790264088113,
      "event": "audio_on",
      "trackId": "324e73c5-3cb3-4ba8-8d19-eb33d04409e4"
    },
    {
      "timestamp": 1790264107632,
      "event": "audio_off",
      "trackId": "324e73c5-3cb3-4ba8-8d19-eb33d04409e4"
    },
    {
      "timestamp": 1790264107894,
      "event": "audio_on",
      "trackId": "324e73c5-3cb3-4ba8-8d19-eb33d04409e4"
    },
    {
      "timestamp": 1790264132631,
      "event": "audio_off",
      "trackId": "324e73c5-3cb3-4ba8-8d19-eb33d04409e4"
    },
    {
      "timestamp": 1790264143904,
      "event": "audio_on",
      "trackId": "324e73c5-3cb3-4ba8-8d19-eb33d04409e4"
    },
    {
      "timestamp": 1790264173632,
      "event": "audio_off",
      "trackId": "324e73c5-3cb3-4ba8-8d19-eb33d04409e4"
    },
    {
      "timestamp": 1790264175202,
      "event": "audio_on",
      "trackId": "ec540b76-6a4f-40ea-9a32-9382ec9f0c45"
    },
    {
      "timestamp": 1790264184132,
      "event": "audio_off",
      "trackId": "324e73c5-3cb3-4ba8-8d19-eb33d04409e4"
    },
    {
      "timestamp": 1790264186093,
      "event": "audio_on",
      "trackId": "324e73c5-3cb3-4ba8-8d19-eb33d04409e4"
    },
    {
      "timestamp": 1790264195543,
      "event": "video_off",
      "trackId": "e235fd9a-e2ea-40f9-a1f1-974573cb67c4"
    },
    {
      "timestamp": 1790264195576,
      "event": "video_on",
      "trackId": "e235fd9a-e2ea-40f9-a1f1-974573cb67c4"
    },
    {
      "timestamp": 1790264197631,
      "event": "audio_off",
      "trackId": null
    }
  ],
  "spaces/bgcUx4X5YpkB/devices/81": [
    {
      "timestamp": 1790264197906,
      "event": "video_off",
      "trackId": "06588504-8f3d-41bc-bbde-124af9406e39"
    },
    {
      "timestamp": 1790264197927,
      "event": "video_on",
      "trackId": "06588504-8f3d-41bc-bbde-124af9406e39"
    }
  ]
}
[FINAL_BINDING_HISTORY] {
  "spaces/bgcUx4X5YpkB/devices/79": [
    {
      "kind": "audio",
      "trackId": "324e73c5-3cb3-4ba8-8d19-eb33d04409e4",
      "timestamp": 1790264088065
    },
    {
      "kind": "video",
      "trackId": "06588504-8f3d-41bc-bbde-124af9406e39",
      "timestamp": 1790264088812
    },
    {
      "kind": "audio",
      "trackId": "ec540b76-6a4f-40ea-9a32-9382ec9f0c45",
      "timestamp": 1790264089607
    },
    {
      "kind": "audio",
      "trackId": "324e73c5-3cb3-4ba8-8d19-eb33d04409e4",
      "timestamp": 1790264094694
    },
    {
      "kind": "audio",
      "trackId": "ec540b76-6a4f-40ea-9a32-9382ec9f0c45",
      "timestamp": 1790264097093
    },
    {
      "kind": "audio",
      "trackId": "324e73c5-3cb3-4ba8-8d19-eb33d04409e4",
      "timestamp": 1790264099192
    },
    {
      "kind": "audio",
      "trackId": "ec540b76-6a4f-40ea-9a32-9382ec9f0c45",
      "timestamp": 1790264103192
    },
    {
      "kind": "audio",
      "trackId": "324e73c5-3cb3-4ba8-8d19-eb33d04409e4",
      "timestamp": 1790264107897
    },
    {
      "kind": "audio",
      "trackId": "ec540b76-6a4f-40ea-9a32-9382ec9f0c45",
      "timestamp": 1790264111492
    },
    {
      "kind": "audio",
      "trackId": "324e73c5-3cb3-4ba8-8d19-eb33d04409e4",
      "timestamp": 1790264114294
    },
    {
      "kind": "audio",
      "trackId": "ec540b76-6a4f-40ea-9a32-9382ec9f0c45",
      "timestamp": 1790264114392
    },
    {
      "kind": "audio",
      "trackId": "324e73c5-3cb3-4ba8-8d19-eb33d04409e4",
      "timestamp": 1790264120108
    },
    {
      "kind": "audio",
      "trackId": "ec540b76-6a4f-40ea-9a32-9382ec9f0c45",
      "timestamp": 1790264120193
    },
    {
      "kind": "audio",
      "trackId": "324e73c5-3cb3-4ba8-8d19-eb33d04409e4",
      "timestamp": 1790264120409
    },
    {
      "kind": "audio",
      "trackId": "ec540b76-6a4f-40ea-9a32-9382ec9f0c45",
      "timestamp": 1790264123508
    },
    {
      "kind": "audio",
      "trackId": "324e73c5-3cb3-4ba8-8d19-eb33d04409e4",
      "timestamp": 1790264124107
    },
    {
      "kind": "audio",
      "trackId": "ec540b76-6a4f-40ea-9a32-9382ec9f0c45",
      "timestamp": 1790264124791
    },
    {
      "kind": "audio",
      "trackId": "324e73c5-3cb3-4ba8-8d19-eb33d04409e4",
      "timestamp": 1790264125008
    },
    {
      "kind": "audio",
      "trackId": "ec540b76-6a4f-40ea-9a32-9382ec9f0c45",
      "timestamp": 1790264127506
    },
    {
      "kind": "audio",
      "trackId": "324e73c5-3cb3-4ba8-8d19-eb33d04409e4",
      "timestamp": 1790264146004
    },
    {
      "kind": "audio",
      "trackId": "ec540b76-6a4f-40ea-9a32-9382ec9f0c45",
      "timestamp": 1790264149491
    },
    {
      "kind": "audio",
      "trackId": "324e73c5-3cb3-4ba8-8d19-eb33d04409e4",
      "timestamp": 1790264153002
    },
    {
      "kind": "audio",
      "trackId": "ec540b76-6a4f-40ea-9a32-9382ec9f0c45",
      "timestamp": 1790264154703
    },
    {
      "kind": "audio",
      "trackId": "324e73c5-3cb3-4ba8-8d19-eb33d04409e4",
      "timestamp": 1790264159304
    },
    {
      "kind": "audio",
      "trackId": "ec540b76-6a4f-40ea-9a32-9382ec9f0c45",
      "timestamp": 1790264161501
    },
    {
      "kind": "audio",
      "trackId": "324e73c5-3cb3-4ba8-8d19-eb33d04409e4",
      "timestamp": 1790264163901
    },
    {
      "kind": "audio",
      "trackId": "ec540b76-6a4f-40ea-9a32-9382ec9f0c45",
      "timestamp": 1790264165102
    },
    {
      "kind": "audio",
      "trackId": "324e73c5-3cb3-4ba8-8d19-eb33d04409e4",
      "timestamp": 1790264165601
    },
    {
      "kind": "audio",
      "trackId": "ec540b76-6a4f-40ea-9a32-9382ec9f0c45",
      "timestamp": 1790264165803
    },
    {
      "kind": "audio",
      "trackId": "324e73c5-3cb3-4ba8-8d19-eb33d04409e4",
      "timestamp": 1790264166001
    },
    {
      "kind": "audio",
      "trackId": "ec540b76-6a4f-40ea-9a32-9382ec9f0c45",
      "timestamp": 1790264169100
    },
    {
      "kind": "audio",
      "trackId": "324e73c5-3cb3-4ba8-8d19-eb33d04409e4",
      "timestamp": 1790264175602
    },
    {
      "kind": "audio",
      "trackId": "ec540b76-6a4f-40ea-9a32-9382ec9f0c45",
      "timestamp": 1790264175799
    },
    {
      "kind": "audio",
      "trackId": "324e73c5-3cb3-4ba8-8d19-eb33d04409e4",
      "timestamp": 1790264175899
    },
    {
      "kind": "audio",
      "trackId": "ec540b76-6a4f-40ea-9a32-9382ec9f0c45",
      "timestamp": 1790264177899
    },
    {
      "kind": "audio",
      "trackId": "324e73c5-3cb3-4ba8-8d19-eb33d04409e4",
      "timestamp": 1790264191297
    },
    {
      "kind": "audio",
      "trackId": "ec540b76-6a4f-40ea-9a32-9382ec9f0c45",
      "timestamp": 1790264191897
    }
  ],
  "spaces/bgcUx4X5YpkB/devices/80": [
    {
      "kind": "audio",
      "trackId": "324e73c5-3cb3-4ba8-8d19-eb33d04409e4",
      "timestamp": 1790264088112
    },
    {
      "kind": "video",
      "trackId": "e235fd9a-e2ea-40f9-a1f1-974573cb67c4",
      "timestamp": 1790264088781
    },
    {
      "kind": "audio",
      "trackId": "ec540b76-6a4f-40ea-9a32-9382ec9f0c45",
      "timestamp": 1790264089495
    },
    {
      "kind": "audio",
      "trackId": "324e73c5-3cb3-4ba8-8d19-eb33d04409e4",
      "timestamp": 1790264094694
    },
    {
      "kind": "audio",
      "trackId": "ec540b76-6a4f-40ea-9a32-9382ec9f0c45",
      "timestamp": 1790264097709
    },
    {
      "kind": "audio",
      "trackId": "324e73c5-3cb3-4ba8-8d19-eb33d04409e4",
      "timestamp": 1790264098992
    },
    {
      "kind": "audio",
      "trackId": "ec540b76-6a4f-40ea-9a32-9382ec9f0c45",
      "timestamp": 1790264120192
    },
    {
      "kind": "audio",
      "trackId": "324e73c5-3cb3-4ba8-8d19-eb33d04409e4",
      "timestamp": 1790264120408
    },
    {
      "kind": "audio",
      "trackId": "ec540b76-6a4f-40ea-9a32-9382ec9f0c45",
      "timestamp": 1790264123507
    },
    {
      "kind": "audio",
      "trackId": "324e73c5-3cb3-4ba8-8d19-eb33d04409e4",
      "timestamp": 1790264124007
    },
    {
      "kind": "audio",
      "trackId": "ec540b76-6a4f-40ea-9a32-9382ec9f0c45",
      "timestamp": 1790264124907
    },
    {
      "kind": "audio",
      "trackId": "324e73c5-3cb3-4ba8-8d19-eb33d04409e4",
      "timestamp": 1790264125007
    },
    {
      "kind": "audio",
      "trackId": "ec540b76-6a4f-40ea-9a32-9382ec9f0c45",
      "timestamp": 1790264145303
    },
    {
      "kind": "audio",
      "trackId": "324e73c5-3cb3-4ba8-8d19-eb33d04409e4",
      "timestamp": 1790264145704
    },
    {
      "kind": "audio",
      "trackId": "ec540b76-6a4f-40ea-9a32-9382ec9f0c45",
      "timestamp": 1790264152802
    },
    {
      "kind": "audio",
      "trackId": "324e73c5-3cb3-4ba8-8d19-eb33d04409e4",
      "timestamp": 1790264152902
    },
    {
      "kind": "audio",
      "trackId": "ec540b76-6a4f-40ea-9a32-9382ec9f0c45",
      "timestamp": 1790264165401
    },
    {
      "kind": "audio",
      "trackId": "324e73c5-3cb3-4ba8-8d19-eb33d04409e4",
      "timestamp": 1790264165701
    },
    {
      "kind": "audio",
      "trackId": "ec540b76-6a4f-40ea-9a32-9382ec9f0c45",
      "timestamp": 1790264165801
    },
    {
      "kind": "audio",
      "trackId": "324e73c5-3cb3-4ba8-8d19-eb33d04409e4",
      "timestamp": 1790264166401
    },
    {
      "kind": "audio",
      "trackId": "ec540b76-6a4f-40ea-9a32-9382ec9f0c45",
      "timestamp": 1790264175200
    },
    {
      "kind": "audio",
      "trackId": "324e73c5-3cb3-4ba8-8d19-eb33d04409e4",
      "timestamp": 1790264175599
    },
    {
      "kind": "audio",
      "trackId": "ec540b76-6a4f-40ea-9a32-9382ec9f0c45",
      "timestamp": 1790264178101
    },
    {
      "kind": "audio",
      "trackId": "324e73c5-3cb3-4ba8-8d19-eb33d04409e4",
      "timestamp": 1790264186091
    },
    {
      "kind": "audio",
      "trackId": "ec540b76-6a4f-40ea-9a32-9382ec9f0c45",
      "timestamp": 1790264186511
    },
    {
      "kind": "audio",
      "trackId": "324e73c5-3cb3-4ba8-8d19-eb33d04409e4",
      "timestamp": 1790264191397
    }
  ],
  "spaces/bgcUx4X5YpkB/devices/81": [
    {
      "kind": "video",
      "trackId": "06588504-8f3d-41bc-bbde-124af9406e39",
      "timestamp": 1790264197801
    }
  ]
}

[YELLOW] Stopping recorders and closing all connections...
[WS_FORCE_CLOSING] Closing 1 remaining connection(s)...
[WS_STREAM_CLOSED] participantId=spaces/bgcUx4X5YpkB/devices/80::seg1
[WS_STREAM_CLOSED] participantId=spaces/bgcUx4X5YpkB/devices/79::seg1
[WS_STREAM_CLOSED] participantId=spaces/bgcUx4X5YpkB/devices/80::seg2
[WS_STREAM_CLOSED] participantId=spaces/bgcUx4X5YpkB/devices/79::seg2
[WS_STREAM_CLOSED] participantId=spaces/bgcUx4X5YpkB/devices/81::seg1

[GREEN] Leaving the meeting...
[WS_CLOSED] participantId=spaces/bgcUx4X5YpkB/devices/81::seg1
[SHUTDOWN] elapsed: 6s — please wait, do not close this window...   [LEFT_MEETING] Successfully clic
ked leave button
PAGE CLOSED EVENT FIRED
CONTEXT CLOSED EVENT FIRED

[STITCH] Starting post-meeting stitch...
[STITCH_START] Scanning recordings folder...
[STITCH_CONCURRENCY] Using up to 7 parallel ffmpeg processes
[SHUTDOWN] elapsed: 7s — please wait, do not close this window...
[FFMPEG_DONE] spaces_bgcUx4X5YpkB_devices_80 seg1 normalize — completed in 0.4s
[STITCH_PROGRESS] [###---------------------] 13% (1/8) spaces_bgcUx4X5YpkB_devices_80 normalized seg
1
[FFMPEG_DONE] spaces_bgcUx4X5YpkB_devices_81 seg1 normalize — completed in 0.8s
[STITCH_PROGRESS] [######------------------] 25% (2/8) spaces_bgcUx4X5YpkB_devices_81 normalized seg
[SHUTDOWN] elapsed: 9s — please wait, do not close this window...   .. 2s elapsed
[FFMPEG_DONE] spaces_bgcUx4X5YpkB_devices_79 seg1 normalize — completed in 2.4s
[STITCH_PROGRESS] [#########---------------] 38% (3/8) spaces_bgcUx4X5YpkB_devices_79 normalized seg
1
[FFMPEG_DONE] spaces_bgcUx4X5YpkB_devices_79 seg2 normalize — completed in 2.6s
[STITCH_PROGRESS] [############------------] 50% (4/8) spaces_bgcUx4X5YpkB_devices_79 normalized seg
[SHUTDOWN] elapsed: 14s — please wait, do not close this window...   . 7s elapsed
[FFMPEG_DONE] spaces_bgcUx4X5YpkB_devices_80 seg2 normalize — completed in 7.7s
[STITCH_PROGRESS] [###############---------] 63% (5/8) spaces_bgcUx4X5YpkB_devices_80 normalized seg
2
[FFMPEG_DONE] spaces_bgcUx4X5YpkB_devices_81 final concat — completed in 0.1s
[STITCH_COMPLETE] spaces_bgcUx4X5YpkB_devices_81 -> C:\Bot_Streaming_Poc\Meeting-Bot-Streaming-POC\s
rc\finalRecorded\spaces_bgcUx4X5YpkB_devices_81.mp4
[STITCH_PROGRESS] [##################------] 75% (6/8) spaces_bgcUx4X5YpkB_devices_81 complete
[FFMPEG_DONE] spaces_bgcUx4X5YpkB_devices_79 final concat — completed in 0.1s
[STITCH_COMPLETE] spaces_bgcUx4X5YpkB_devices_79 -> C:\Bot_Streaming_Poc\Meeting-Bot-Streaming-POC\s
rc\finalRecorded\spaces_bgcUx4X5YpkB_devices_79.mp4
[STITCH_PROGRESS] [#####################---] 88% (7/8) spaces_bgcUx4X5YpkB_devices_79 complete
[FFMPEG_DONE] spaces_bgcUx4X5YpkB_devices_80 final concat — completed in 0.1s
[STITCH_COMPLETE] spaces_bgcUx4X5YpkB_devices_80 -> C:\Bot_Streaming_Poc\Meeting-Bot-Streaming-POC\s
rc\finalRecorded\spaces_bgcUx4X5YpkB_devices_80.mp4
[STITCH_PROGRESS] [########################] 100% (8/8) spaces_bgcUx4X5YpkB_devices_80 complete
[STITCH_ALL_DONE] Stitching finished for all participants (see above for any that were skipped).
[SHUTDOWN] elapsed: 145s — please wait, do not close this window...
[SHUTDOWN_COMPLETE] Total shutdown time: 145.7s
PS>TerminatingError(): "The pipeline has been stopped."

Ctrl+C detected - creating stop signal for the bot...
PS>TerminatingError(): "The pipeline has been stopped."
>> TerminatingError(): "The pipeline has been stopped."
PS C:\Bot_Streaming_Poc\Meeting-Bot-Streaming-POC> Stop-Transcript
**********************
Windows PowerShell transcript end
End time: 20260924210919
**********************
